******************************************************************************
            TI ARM Clang Linker Unix v4.0.4                    
******************************************************************************
>> Linked Fri Dec 26 20:55:05 2025

OUTPUT FILE NAME:   <sbl_ospi_enet.release.out>
ENTRY POINT SYMBOL: "_vectors"  address: 00000000


MEMORY CONFIGURATION

         name            origin    length      used     unused   attr    fill
----------------------  --------  ---------  --------  --------  ----  --------
  R5F_VECS              00000000   00000100  00000040  000000c0  RWIX
  R5F_TCMA              00000100   00007f00  00000000  00007f00  RWIX
  R5F_TCMB0             00080000   00008000  00000000  00008000  RWIX
  MAILBOX_HSM           44000000   000003ce  00000340  0000008e  RWIX
  MAILBOX_R5F           44000400   000003ce  00000340  0000008e  RWIX
  FLASH_BOOTINFO_SECTOR 60080000   00001000  00000000  00001000  RWIX
  MSRAM_VECS            70002000   00000100  00000040  000000c0  RWIX
  MSRAM_HSMRT           70002100   00040000  0000a6e4  0003591c  RWIX
  CPPI_DESC             70042100   00004000  00000400  00003c00  RWIX
  MSRAM_0               70046100   000abf60  00051650  0005a910  RWIX
  MSRAM_1               70101000   0013c000  0013c000  00000000  RWIX
  MSRAM_2               7023d000   00008000  00008000  00000000  RWIX
  BOOT_SECTOR_INFO      80080000   00001000  00000000  00001000  RWIX


SEGMENT ALLOCATION MAP

run origin  load origin   length   init length attrs members
----------  ----------- ---------- ----------- ----- -------
00000000    70002000    00000040   00000040    r-x
  00000000    70002000    00000040   00000040    r-x .sbl_init_code
70002100    70002100    0000a6e4   0000a6e4    r--
  70002100    70002100    0000a6e4   0000a6e4    r-- .rodata.hsmrt
70046100    70046100    000207e0   000207e0    r-x
  70046100    70046100    0001f600   0001f600    r-x .text
  70065700    70065700    00000990   00000990    r-x .text.hwi
  70066090    70066090    00000430   00000430    r-x .text.cache
  700664c0    700664c0    00000290   00000290    r-x .text.mpu
  70066750    70066750    00000190   00000190    r-x .text.boot
700668e0    700668e0    00005218   00005218    rw-
  700668e0    700668e0    00005218   00005218    rw- .data
7006baf8    7006baf8    00006b58   00006b58    r--
  7006baf8    7006baf8    00006b58   00006b58    r-- .rodata
70072680    70072680    00025100   00000000    rw-
  70072680    70072680    00016e00   00000000    rw- .bss
  70089480    70089480    00008000   00000000    rw- .sysmem
  70091480    70091480    00004000   00000000    rw- .stack
  70095480    70095480    00001000   00000000    rw- .irqstack
  70096480    70096480    00000100   00000000    rw- .fiqstack
  70096580    70096580    00001000   00000000    rw- .svcstack
  70097580    70097580    00000100   00000000    rw- .abortstack
  70097680    70097680    00000100   00000000    rw- .undefinedstack


SECTION ALLOCATION MAP

 output                                  attributes/
section   page    origin      length       input sections
--------  ----  ----------  ----------   ----------------
.bss.sipc_hsm_queue_mem 
*          0    44000000    00000340     NOLOAD SECTION
                  44000000    00000340     ti_drivers_config.obj (.bss.sipc_hsm_queue_mem)

.bss.sipc_secure_host_queue_mem 
*          0    44000400    00000340     NOLOAD SECTION
                  44000400    00000340     ti_drivers_config.obj (.bss.sipc_secure_host_queue_mem)

.sbl_init_code 
*          0    70002000    00000040     RUN ADDR = 00000000
                  70002000    00000040     nortos.am263px.r5f.ti-arm-clang.release.lib : HwiP_armv7r_vectors_nortos_asm.obj (.vectors)

.rodata.hsmrt 
*          0    70002100    0000a6e4     
                  70002100    0000a6e4     main.obj (.rodata.hsmrt)

.bss:ENET_CPPI_DESC 
*          0    70042100    00000400     NOLOAD SECTION
                  70042100    00000400     ti_enet_config.obj (.bss:ENET_CPPI_DESC)

.text      0    70046100    0001f600     
                  70046100    000006ea     drivers.am263px.r5f.ti-arm-clang.nortos.release.lib : ospi_phy_am26x_lld.obj (.text.OSPI_lld_phyFindOTP1)
                  700467ea    00000002     ti_dpl_config.obj (.text.Dpl_deinit)
                  700467ec    000006cc     enet-cpsw.am263px.r5f.ti-arm-clang.nortos.release.lib : enetphy.obj (.text.EnetPhy_tick)
                  70046eb8    00000660     ti_enet_open_close.obj (.text.EnetApp_driverOpen)
                  70047518    00000638     enet-cpsw.am263px.r5f.ti-arm-clang.nortos.release.lib : enet_cpdma.obj (.text.EnetCpdma_dequeueTx)
                  70047b50    00000618     sbl_enet.obj (.text.EnetSBL_transferAppimage)
                  70048168    0000060e     board.am263px.r5f.ti-arm-clang.nortos.release.lib : flash_nor_ospi.obj (.text.Flash_norOspiOpen)
                  70048776    00000002     enet-cpsw.am263px.r5f.ti-arm-clang.nortos.release.lib : enet_apputils.obj (.text.EnetAppUtils_disableClocks)
                  70048778    00000580     nortos.am263px.r5f.ti-arm-clang.release.lib : printf.obj (.text._vsnprintf)
                  70048cf8    00000544     enet-cpsw.am263px.r5f.ti-arm-clang.nortos.release.lib : enet_cpdma.obj (.text.EnetCpdma_dequeueRx)
                  7004923c    000004ee     sbl_enet.obj (.text.EnetSBL_setup)
                  7004972a    00000002     enet-cpsw.am263px.r5f.ti-arm-clang.nortos.release.lib : enet_apputils.obj (.text.EnetAppUtils_enableClocks)
                  7004972c    000004cc                                                           : cpsw_ale.obj (.text.CpswAle_open)
                  70049bf8    000004cc     drivers.am263px.r5f.ti-arm-clang.nortos.release.lib : soc_rcm.obj (.text.SOC_rcmEnablePeripheralClock)
                  7004a0c4    00000444                                                         : i2c_v1_lld.obj (.text.I2C_lld_primeTransferPoll)
                  7004a508    00000420     enet-cpsw.am263px.r5f.ti-arm-clang.nortos.release.lib : enet_rm.obj (.text.EnetRm_open)
                  7004a928    0000040c                                                           : cpsw_ioctl.obj (.text.Cpsw_internalIoctl_handler_ENET_PER_IOCTL_OPEN_PORT_LINK)
                  7004ad34    00000004     drivers.am263px.r5f.ti-arm-clang.nortos.release.lib : bootloader_soc.obj (.text.Bootloader_socCpuRelease)
                  7004ad38    00000400     nortos.am263px.r5f.ti-arm-clang.release.lib : printf.obj (.text._ftoa)
                  7004b138    000003da     board.am263px.r5f.ti-arm-clang.nortos.release.lib : dp83869.obj (.text.Dp83869_printRegs)
                  7004b512    000003d8     main.obj (.text.main)
                  7004b8ea    00000016     ti_board_open_close.obj (.text.Board_driversOpen)
                  7004b900    00000390     libc.a : strcmp32.S.obj (.text:strcmp)
                  7004bc90    00000378     enet-cpsw.am263px.r5f.ti-arm-clang.nortos.release.lib : enet_cpdma.obj (.text.EnetCpdma_enqueueRx)
                  7004c008    00000368                                                           : cpsw.obj (.text.Cpsw_open)
                  7004c370    00000368                                                           : enet_rm.obj (.text.EnetRm_detachCore)
                  7004c6d8    00000348                                                           : cpsw_macport.obj (.text.CpswMacPort_open)
                  7004ca20    00000342     board.am263px.r5f.ti-arm-clang.nortos.release.lib : flash_nor_ospi.obj (.text.Flash_setQeBit)
                  7004cd62    00000002     ti_enet_soc.obj (.text.EnetSoc_deinit)
                  7004cd64    00000330     enet-cpsw.am263px.r5f.ti-arm-clang.nortos.release.lib : cpsw.obj (.text.Cpsw_periodicTick)
                  7004d094    00000318                                                           : enet_cpdma.obj (.text.EnetCpdma_enqueueTx)
                  7004d3ac    00000004     drivers.am263px.r5f.ti-arm-clang.nortos.release.lib : bootloader_soc.obj (.text.Bootloader_socCpuRequest)
                  7004d3b0    00000310     nortos.am263px.r5f.ti-arm-clang.release.lib : printf.obj (.text._etoa)
                  7004d6c0    000002ee     ti_board_config.obj (.text.EnetBoard_setupPorts)
                  7004d9ae    00000002     drivers.am263px.r5f.ti-arm-clang.nortos.release.lib : bootloader_flash.obj (.text.Flash_imgClose)
                  7004d9b0    000002a0                                                         : uart_v0.obj (.text.UART_open)
                  7004dc50    00000298     board.am263px.r5f.ti-arm-clang.nortos.release.lib : dp83869.obj (.text.Dp83869_config)
                  7004dee8    0000027c     drivers.am263px.r5f.ti-arm-clang.nortos.release.lib : edma.obj (.text.EDMA_init)
                  7004e164    00000264                                                         : soc_rcm.obj (.text.SOC_rcmSetPeripheralClock)
                  7004e3c8    00000240     enet-cpsw.am263px.r5f.ti-arm-clang.nortos.release.lib : mdio.obj (.text.Mdio_open)
                  7004e608    0000023c     drivers.am263px.r5f.ti-arm-clang.nortos.release.lib : ospi_v0.obj (.text.OSPI_open)
                  7004e844    0000023c                                                         : uart_v0_lld.obj (.text.UART_configInstance)
                  7004ea80    00000234     enet-cpsw.am263px.r5f.ti-arm-clang.nortos.release.lib : cpsw.obj (.text.Cpsw_ioctl)
                  7004ecb4    00000230                                                           : enet_rm.obj (.text.EnetRm_close)
                  7004eee4    0000022a     security.am263px.r5f.ti-arm-clang.nortos.release.lib : sipc_notify_src.obj (.text.SIPC_init)
                  7004f10e    00000002     nortos.am263px.r5f.ti-arm-clang.release.lib : SemaphoreP_nortos.obj (.text.SemaphoreP_destruct)
                  7004f110    0000020c     drivers.am263px.r5f.ti-arm-clang.nortos.release.lib : i2c_v1.obj (.text.I2C_open)
                  7004f31c    00000204                                                         : edma.obj (.text.EDMA_freeChannelRegion)
                  7004f520    000001fc     enet-cpsw.am263px.r5f.ti-arm-clang.nortos.release.lib : cpsw.obj (.text.Cpsw_internalIoctl_handler_ENET_PER_IOCTL_REGISTER_IOCTL_HANDLER)
                  7004f71c    000001f0     drivers.am263px.r5f.ti-arm-clang.nortos.release.lib : edma.obj (.text.EDMA_errorIsrFxn)
                  7004f90c    000001e4                                                         : ospi_edma_lld.obj (.text.OSPI_dmaCopy)
                  7004faf0    000001e0     enet-cpsw.am263px.r5f.ti-arm-clang.nortos.release.lib : enet_appmemutils.obj (.text.EnetMem_init)
                  7004fcd0    000001d8                                                           : cpsw.obj (.text.Cpsw_handleLinkDown)
                  7004fea8    000001cc     drivers.am263px.r5f.ti-arm-clang.nortos.release.lib : soc_rcm.obj (.text.SOC_rcmPerApllConfig)
                  70050074    000001c8                                                         : bootloader.obj (.text.Bootloader_verifyMulticoreImage)
                  7005023c    000001c4     enet-cpsw.am263px.r5f.ti-arm-clang.nortos.release.lib : cpsw.obj (.text.Cpsw_registerIntrs)
                  70050400    000001b0                                                           : enet_cpdma.obj (.text.EnetCpdma_open)
                  700505b0    000001ae     drivers.am263px.r5f.ti-arm-clang.nortos.release.lib : i2c_v1_lld.obj (.text.I2C_lld_controllerIsr)
                  7005075e    00000002     nortos.am263px.r5f.ti-arm-clang.release.lib : TaskP_nortos.obj (.text.TaskP_yield)
                  70050760    000001a8     libc.a : memory.c.obj (.text.free)
                  70050908    000001a4     enet-cpsw.am263px.r5f.ti-arm-clang.nortos.release.lib : cpsw_cpts_ioctl.obj (.text.CpswCpts_ioctl_handler_CPSW_CPTS_IOCTL_HANDLE_INTR)
                  70050aac    000001a4     libc.a : memory.c.obj (.text.aligned_alloc)
                  70050c50    00000198     enet-cpsw.am263px.r5f.ti-arm-clang.nortos.release.lib : enet_cpdma.obj (.text.EnetCpdma_netChOpen)
                  70050de8    00000194     drivers.am263px.r5f.ti-arm-clang.nortos.release.lib : uart_dma_edma.obj (.text.UART_lld_dmaInit)
                  70050f7c    00000190                                                         : ospi_v0_lld.obj (.text.OSPI_programInstance)
                  7005110c    00000180                                                         : i2c_v1.obj (.text.I2C_transfer)
                  7005128c    0000017c                                                         : soc.obj (.text.SOC_phyToVirt)
                  70051408    0000017a     main.obj (.text.receiveAppImgOverEnet)
                  70051582    00000002     drivers.am263px.r5f.ti-arm-clang.nortos.release.lib : uart_dma_edma.obj (.text.UART_edmaDoNothing)
                  70051584    00000168                                                         : i2c_v1_lld.obj (.text.I2C_lld_targetIsr)
                  700516ec    00000164     enet-cpsw.am263px.r5f.ti-arm-clang.nortos.release.lib : cpsw_macport_ioctl.obj (.text.CpswMacPort_ioctl_handler_CPSW_MACPORT_IOCTL_ENABLE)
                  70051850    00000164     drivers.am263px.r5f.ti-arm-clang.nortos.release.lib : edma.obj (.text.EDMA_open)
                  700519b4    00000160     enet-cpsw.am263px.r5f.ti-arm-clang.nortos.release.lib : cpsw_est_ioctl.obj (.text.CpswEst_ioctl_handler_ENET_TAS_IOCTL_SET_STATE)
                  70051b14    00000160     drivers.am263px.r5f.ti-arm-clang.nortos.release.lib : edma.obj (.text.EDMA_deinit)
                  70051c74    0000015a     security.am263px.r5f.ti-arm-clang.nortos.release.lib : sipc_notify_src.obj (.text.SIPC_isr)
                  70051dce    00000002     nortos.am263px.r5f.ti-arm-clang.release.lib : printf.obj (.text._out_null)
                  70051dd0    00000158     enet-cpsw.am263px.r5f.ti-arm-clang.nortos.release.lib : enetphy.obj (.text.EnetPhy_bindDriver)
                  70051f28    00000158     sbl_enet.obj (.text.EnetSBL_destruct)
                  70052080    00000154     enet-cpsw.am263px.r5f.ti-arm-clang.nortos.release.lib : enetphy.obj (.text.EnetPhy_open)
                  700521d4    00000150     sbl_enet.obj (.text.EnetSBL_initPkt)
                  70052324    00000150     drivers.am263px.r5f.ti-arm-clang.nortos.release.lib : ospi_edma_lld.obj (.text.OSPI_dmaOpen)
                  70052474    0000014e                                                         : uart_dma_edma.obj (.text.UART_lld_dmaDeInit)
                  700525c2    00000002     --HOLE-- [fill = 0]
                  700525c4    0000014c                                                         : bootloader_uniflash.obj (.text.Bootloader_uniflashProcessFlashCommands)
                  70052710    0000014c     enet-cpsw.am263px.r5f.ti-arm-clang.nortos.release.lib : enet_cpdma_priv.obj (.text.EnetCpdma_memMgrInit)
                  7005285c    0000014a     drivers.am263px.r5f.ti-arm-clang.nortos.release.lib : uart_v0_lld.obj (.text.UART_lld_controllerIsr)
                  700529a6    00000002     --HOLE-- [fill = 0]
                  700529a8    00000148                                                         : soc_rcm.obj (.text.SOC_rcmCoreApllHSDivConfig)
                  70052af0    00000144     enet-cpsw.am263px.r5f.ti-arm-clang.nortos.release.lib : enet_rm_ioctl.obj (.text.EnetRm_ioctl_handler_ENET_RM_IOCTL_ALLOC_MAC_ADDR)
                  70052c34    00000144     libc.a : setvbuf.c.obj (.text.setvbuf)
                  70052d78    00000140     nortos.am263px.r5f.ti-arm-clang.release.lib : TimerP_rti_priv.obj (.text.TimerP_setupPriv)
                  70052eb8    0000013c     drivers.am263px.r5f.ti-arm-clang.nortos.release.lib : bootloader_profile.obj (.text.Bootloader_profilePrintProfileLog)
                  70052ff4    0000013c     enet-cpsw.am263px.r5f.ti-arm-clang.nortos.release.lib : cpsw_ale.obj (.text.CpswAle_addVlan)
                  70053130    0000013c     drivers.am263px.r5f.ti-arm-clang.nortos.release.lib : soc.obj (.text.SOC_virtToPhy)
                  7005326c    00000138     enet-cpsw.am263px.r5f.ti-arm-clang.nortos.release.lib : csl_cpsw.obj (.text.CSL_CPSW_getAlePolicerEntry)
                  700533a4    00000138     drivers.am263px.r5f.ti-arm-clang.nortos.release.lib : uart_v0.obj (.text.UART_close)
                  700534dc    00000134     enet-cpsw.am263px.r5f.ti-arm-clang.nortos.release.lib : mdio_manual_ioctl.obj (.text.Mdio_manual_ioctl_handler_ENET_MDIO_IOCTL_C45_READ)
                  70053610    00000132     nortos.am263px.r5f.ti-arm-clang.release.lib : printf.obj (.text._ntoa_format)
                  70053742    00000002     --HOLE-- [fill = 0]
                  70053744    00000130     enet-cpsw.am263px.r5f.ti-arm-clang.nortos.release.lib : csl_cpsw.obj (.text.CSL_CPSW_setAlePolicerEntry)
                  70053874    0000012c     security.am263px.r5f.ti-arm-clang.nortos.release.lib : hsmclient_loadhsmrt.obj (.text.Hsmclient_loadHSMRtFirmware)
                  700539a0    0000012a                                                          : hsmclient.obj (.text.HsmClient_procAuthBoot)
                  70053aca    00000002     --HOLE-- [fill = 0]
                  70053acc    00000120     enet-cpsw.am263px.r5f.ti-arm-clang.nortos.release.lib : enet.obj (.text.Enet_open)
                  70053bec    0000011e                                                           : cpsw_ale.obj (.text.CpswAle_findVlan)
                  70053d0a    0000011e     board.am263px.r5f.ti-arm-clang.nortos.release.lib : flash_nor_ospi.obj (.text.Flash_norOspiReset)
                  70053e28    0000011c     enet-cpsw.am263px.r5f.ti-arm-clang.nortos.release.lib : enet_appmemutils.obj (.text.EnetMem_allocEthPkt)
                  70053f44    00000118     drivers.am263px.r5f.ti-arm-clang.nortos.release.lib : edma.obj (.text.Alloc_resource)
                  7005405c    00000118     enet-cpsw.am263px.r5f.ti-arm-clang.nortos.release.lib : cpsw_macport_est.obj (.text.CpswEst_setState)
                  70054174    00000118                                                           : cpsw_hostport.obj (.text.CpswHostPort_open)
                  7005428c    00000118                                                           : cpsw_stats.obj (.text.CpswStats_ioctl)
                  700543a4    00000118                                                           : cpsw_ioctl.obj (.text.Cpsw_internalIoctl_handler_ENET_PER_IOCTL_ATTACH_CORE)
                  700544bc    00000118     libclang_rt.builtins.a : udivmoddi4.S.obj (.text)
                  700545d4    00000114     enet-cpsw.am263px.r5f.ti-arm-clang.nortos.release.lib : cpsw_hostport.obj (.text.CpswHostPort_ioctl)
                  700546e8    00000114                                                           : mdio.obj (.text.Mdio_ioctl)
                  700547fc    00000114     drivers.am263px.r5f.ti-arm-clang.nortos.release.lib : soc_rcm.obj (.text.SOC_rcmCoreApllConfig)
                  70054910    00000114                                                         : soc_rcm.obj (.text.SOC_rcmGetPeripheralClockFrequency)
                  70054a24    00000110     enet-cpsw.am263px.r5f.ti-arm-clang.nortos.release.lib : enet_cpdma.obj (.text.EnetCpdma_netChClose)
                  70054b34    00000110                                                           : enet_rm_ioctl.obj (.text.EnetRm_ioctl_handler_ENET_RM_IOCTL_ALLOC_TX_CH_PEERID)
                  70054c44    0000010e     drivers.am263px.r5f.ti-arm-clang.nortos.release.lib : ospi_v0_lld.obj (.text.OSPI_lld_isr)
                  70054d52    0000010e                                                         : uart_v0_lld.obj (.text.UART_lld_write)
                  70054e60    0000010c     ti_enet_open_close.obj (.text.EnetApp_closeTxDma)
                  70054f6c    00000108     enet-cpsw.am263px.r5f.ti-arm-clang.nortos.release.lib : cpsw_stats.obj (.text.CpswStats_open)
                  70055074    00000108                                                           : cpsw_stats_ioctl.obj (.text.CpswStats_readMacStats)
                  7005517c    00000108     drivers.am263px.r5f.ti-arm-clang.nortos.release.lib : edma.obj (.text.EDMA_transferCompletionMasterIsrFxn)
                  70055284    00000104     nortos.am263px.r5f.ti-arm-clang.release.lib : ClockP_nortos_r5.obj (.text.ClockP_init)
                  70055388    00000104     drivers.am263px.r5f.ti-arm-clang.nortos.release.lib : uart_dma_edma.obj (.text.UART_lld_dmaWrite)
                  7005548c    00000102     board.am263px.r5f.ti-arm-clang.nortos.release.lib : flash_nor_ospi.obj (.text.Flash_norOspiPhyTune)
                  7005558e    00000102     security.am263px.r5f.ti-arm-clang.nortos.release.lib : sipc_notify_src.obj (.text.SIPC_sendMsg)
                  70055690    00000100     enet-cpsw.am263px.r5f.ti-arm-clang.nortos.release.lib : cpsw_ale.obj (.text.CpswAle_delPolicerEntry)
                  70055790    00000100                                                           : enet_cpdma.obj (.text.EnetCpdma_openRxCh)
                  70055890    000000fc                                                           : cpsw_cpts.obj (.text.CpswCpts_open)
                  7005598c    000000fc                                                           : enet_appmemutils.obj (.text.EnetMem_freeEthPkt)
                  70055a88    000000fc                                                           : enetphy.obj (.text.EnetPhy_getLinkStatus)
                  70055b84    000000fc                                                           : enet.obj (.text.Enet_ioctl)
                  70055c80    000000fc     drivers.am263px.r5f.ti-arm-clang.nortos.release.lib : uart_v0.obj (.text.UART_write)
                  70055d7c    000000fa     enet-cpsw.am263px.r5f.ti-arm-clang.nortos.release.lib : cpsw_ale_ioctl.obj (.text.CpswAle_delPortUcastEntries)
                  70055e76    00000002     --HOLE-- [fill = 0]
                  70055e78    000000f8                                                           : cpsw_stats_ioctl.obj (.text.CpswStats_readHostStats)
                  70055f70    000000f8     drivers.am263px.r5f.ti-arm-clang.nortos.release.lib : ospi_v0_lld.obj (.text.OSPI_lld_readCmd)
                  70056068    000000f8                                                         : ospi_v0_lld.obj (.text.OSPI_lld_writeIndirect)
                  70056160    000000f6                                                         : ospi_v0_lld.obj (.text.OSPI_lld_readDirectDma)
                  70056256    00000002     --HOLE-- [fill = 0]
                  70056258    000000f4     enet-cpsw.am263px.r5f.ti-arm-clang.nortos.release.lib : cpsw.obj (.text.Cpsw_dmaMiscIsr)
                  7005634c    000000f4                                                           : enet_cpdma.obj (.text.EnetCpdma_openTxCh)
                  70056440    000000f2     board.am263px.r5f.ti-arm-clang.nortos.release.lib : eeprom_cat24m.obj (.text.EEPROM_CAT24M_write)
                  70056532    000000f2     drivers.am263px.r5f.ti-arm-clang.nortos.release.lib : bootloader_uniflash_mcelf.obj (.text.MCELF_flashVerifyXIPFile)
                  70056624    000000f0     enet-cpsw.am263px.r5f.ti-arm-clang.nortos.release.lib : enet_cpdma.obj (.text.EnetCpdma_txIsr)
                  70056714    000000f0                                                           : enet_appmemutils.obj (.text.EnetMem_initMemObjs)
                  70056804    000000f0     libc.a : fputc.c.obj (.text.fputc)
                  700568f4    000000ec     drivers.am263px.r5f.ti-arm-clang.nortos.release.lib : ospi_v0_lld.obj (.text.OSPI_lld_setProtocol)
                  700569e0    000000e8     enet-cpsw.am263px.r5f.ti-arm-clang.nortos.release.lib : cpsw_ale.obj (.text.CpswAle_ioctl)
                  70056ac8    000000e8                                                           : cpsw_cpts.obj (.text.CpswCpts_ioctl)
                  70056bb0    000000e6     drivers.am263px.r5f.ti-arm-clang.nortos.release.lib : i2c_v1.obj (.text.I2C_primeTransfer)
                  70056c96    000000e2     enet-cpsw.am263px.r5f.ti-arm-clang.nortos.release.lib : csl_cpsw.obj (.text.CSL_CPSW_setPortRxDscpMap)
                  70056d78    000000e2     security.am263px.r5f.ti-arm-clang.nortos.release.lib : hsmclient.obj (.text.HsmClient_SendAndRecv)
                  70056e5a    000000de     drivers.am263px.r5f.ti-arm-clang.nortos.release.lib : ospi_v0_lld.obj (.text.OSPI_lld_writeCmd)
                  70056f38    000000dc     enet-cpsw.am263px.r5f.ti-arm-clang.nortos.release.lib : enet_rm.obj (.text.EnetRm_ioctl)
                  70057014    000000d8     drivers.am263px.r5f.ti-arm-clang.nortos.release.lib : bootloader_uniflash_rprc.obj (.text.Bootloader_uniflashFlashOrVerifyXipFile)
                  700570ec    000000d8     enet-cpsw.am263px.r5f.ti-arm-clang.nortos.release.lib : csl_cpsw_ale_9g_tblcfg.obj (.text.CSL_CPSW_setAleVlanUnicastAddrEntry)
                  700571c4    000000d6     middleware.am263px.r5f.ti-arm-clang.nortos.release.lib : tielfup32.obj (.text.ELFUP_update)
                  7005729a    00000002     --HOLE-- [fill = 0]
                  7005729c    000000d4     enet-cpsw.am263px.r5f.ti-arm-clang.nortos.release.lib : cpsw_macport.obj (.text.CpswMacPort_ioctl)
                  70057370    000000d0                                                           : csl_cpsw_ale_9g_tblcfg.obj (.text.CSL_CPSW_setAleUnicastAddrEntry)
                  70057440    000000d0     drivers.am263px.r5f.ti-arm-clang.nortos.release.lib : edma.obj (.text.EDMA_unregisterIntr)
                  70057510    000000d0     enet-cpsw.am263px.r5f.ti-arm-clang.nortos.release.lib : enet_phymdio_dflt.obj (.text.EnetPhyMdioDflt_writeC45)
                  700575e0    000000ce     ti_enet_open_close.obj (.text.EnetApp_closeRxDma)
                  700576ae    000000ce     board.am263px.r5f.ti-arm-clang.nortos.release.lib : flash_nor_ospi.obj (.text.Flash_norOspiWaitReady)
                  7005777c    000000cc     enet-cpsw.am263px.r5f.ti-arm-clang.nortos.release.lib : cpsw_ale_ioctl.obj (.text.CpswAle_addUcastAddr)
                  70057848    000000cc                                                           : enet_phymdio_dflt.obj (.text.EnetPhyMdioDflt_readC45)
                  70057914    000000cc                                                           : enet_utils.obj (.text.EnetUtils_delayNs)
                  700579e0    000000cc                                                           : mdio_manual_ioctl.obj (.text.Mdio_manualModePhyRegRead22)
                  70057aac    000000cc                                                           : mdio_manual_ioctl.obj (.text.Mdio_manual_ioctl_handler_ENET_MDIO_IOCTL_C45_WRITE)
                  70057b78    000000cc                                                           : mdio_ioctl.obj (.text.Mdio_normal_ioctl_handler_ENET_MDIO_IOCTL_C45_READ)
                  70057c44    000000cc     drivers.am263px.r5f.ti-arm-clang.nortos.release.lib : uart_v0_lld.obj (.text.UART_lld_initDma)
                  70057d10    000000c8                                                         : bootloader.obj (.text.Bootloader_rprcImageLoad)
                  70057dd8    000000c8     enet-cpsw.am263px.r5f.ti-arm-clang.nortos.release.lib : enet_phymdio_dflt.obj (.text.EnetPhyMdioDflt_writeC22)
                  70057ea0    000000c8     libc.a : getdevice.c.obj (.text.getdevice)
                  70057f68    000000c6     board.am263px.r5f.ti-arm-clang.nortos.release.lib : flash_nor_ospi.obj (.text.Flash_norOspiWrite)
                  7005802e    000000c6                                                       : flash_nor_ospi.obj (.text.Flash_setOeBit)
                  700580f4    000000c4     drivers.am263px.r5f.ti-arm-clang.nortos.release.lib : bootloader.obj (.text.Bootloader_parseMultiCoreAppImage)
                  700581b8    000000c4     enet-cpsw.am263px.r5f.ti-arm-clang.nortos.release.lib : csl_cpsw_ale_9g_tblcfg.obj (.text.CSL_CPSW_setAleOutVlanEntry)
                  7005827c    000000c4                                                           : csl_cpsw_ale_9g_tblcfg.obj (.text.CSL_CPSW_setAleVlanEntry)
                  70058340    000000c4                                                           : enet_phymdio_dflt.obj (.text.EnetPhyMdioDflt_readC22)
                  70058404    000000c4     board.am263px.r5f.ti-arm-clang.nortos.release.lib : flash_nor_ospi.obj (.text.Flash_norOspiReadId)
                  700584c8    000000c4     drivers.am263px.r5f.ti-arm-clang.nortos.release.lib : i2c_v1_lld.obj (.text.I2C_lld_mem_write)
                  7005858c    000000c4                                                         : i2c_v1_lld.obj (.text.I2C_lld_primeTransferIntr)
                  70058650    000000c4                                                         : uart_v0_lld.obj (.text.UART_lld_init)
                  70058714    000000c0     enet-cpsw.am263px.r5f.ti-arm-clang.nortos.release.lib : enet.obj (.text.Enet_periodicTick)
                  700587d4    000000c0     drivers.am263px.r5f.ti-arm-clang.nortos.release.lib : i2c_v1_lld.obj (.text.I2C_lld_mem_read)
                  70058894    000000c0     board.am263px.r5f.ti-arm-clang.nortos.release.lib : ioexp_tca6416.obj (.text.TCA6416_setOutput)
                  70058954    000000be                                                       : ioexp_tca6416.obj (.text.TCA6416_config)
                  70058a12    000000be                                                       : ioexp_tca6424.obj (.text.TCA6424_config)
                  70058ad0    000000be                                                       : ioexp_tca6424.obj (.text.TCA6424_setOutput)
                  70058b8e    00000002     --HOLE-- [fill = 0]
                  70058b90    000000bc     enet-cpsw.am263px.r5f.ti-arm-clang.nortos.release.lib : cpsw_ale.obj (.text.CpswAle_setPolicerControl)
                  70058c4c    000000bc                                                           : cpsw_macport_ioctl.obj (.text.CpswMacPort_ioctl_handler_ENET_MACPORT_IOCTL_SET_INGRESS_DSCP_PRI_MAP)
                  70058d08    000000bc     drivers.am263px.r5f.ti-arm-clang.nortos.release.lib : edma.obj (.text.EDMA_registerIntr)
                  70058dc4    000000bc     ti_enet_open_close.obj (.text.EnetApp_getRxDmaHandle)
                  70058e80    000000bc     enet-cpsw.am263px.r5f.ti-arm-clang.nortos.release.lib : enet_osal.obj (.text.EnetOsal_registerIntr)
                  70058f3c    000000bc                                                           : enet_phymdio_dflt.obj (.text.EnetPhyMdioDflt_ioctl)
                  70058ff8    000000ba     ti_enet_init.obj (.text.EnetApp_cpswInitMacAddr)
                  700590b2    00000002     --HOLE-- [fill = 0]
                  700590b4    000000b8     enet-cpsw.am263px.r5f.ti-arm-clang.nortos.release.lib : cpsw_ale.obj (.text.CpswAle_ioctl_handler_CPSW_ALE_IOCTL_REGISTER_HANDLER)
                  7005916c    000000b8                                                           : cpsw_cpts.obj (.text.CpswCpts_ioctl_handler_CPSW_CPTS_IOCTL_REGISTER_HANDLER)
                  70059224    000000b8                                                           : cpsw_hostport.obj (.text.CpswHostPort_ioctl_handler_CPSW_HOSTPORT_IOCTL_REGISTER_HANDLER)
                  700592dc    000000b8                                                           : cpsw_macport_est.obj (.text.CpswMacPortEst_ioctl_handler_CPSW_MACPORT_IOCTL_REGISTER_HANDLER)
                  70059394    000000b8                                                           : cpsw_macport_est.obj (.text.CpswMacPort_ioctlEst)
                  7005944c    000000b8                                                           : cpsw_macport.obj (.text.CpswMacPort_ioctl_handler_CPSW_MACPORT_IOCTL_REGISTER_HANDLER)
                  70059504    000000b8                                                           : cpsw_stats.obj (.text.CpswStats_ioctl_handler_CPSW_STATS_IOCTL_REGISTER_HANDLER)
                  700595bc    000000b8                                                           : cpsw_est.obj (.text.Cpsw_ioctlEst)
                  70059674    000000b8                                                           : enet_phymdio_dflt.obj (.text.EnetPhyMdioDflt_ioctl_handler_ENET_PHY_IOCTL_REGISTER_HANDLER)
                  7005972c    000000b8                                                           : enet_phymdio_dflt.obj (.text.EnetPhyMdioDflt_isAlive)
                  700597e4    000000b8                                                           : enet_phymdio_dflt.obj (.text.EnetPhyMdioDflt_isLinked)
                  7005989c    000000b8                                                           : enet_rm_ioctl.obj (.text.EnetRm_ioctl_handler_ENET_RM_IOCTL_ATTACH)
                  70059954    000000b8                                                           : enet_rm.obj (.text.EnetRm_ioctl_handler_ENET_RM_IOCTL_REGISTER_HANDLER)
                  70059a0c    000000b8                                                           : mdio.obj (.text.Mdio_ioctl_handler_MDIO_IOCTL_REGISTER_HANDLER)
                  70059ac4    000000b6     board.am263px.r5f.ti-arm-clang.nortos.release.lib : flash_nor_ospi.obj (.text.Flash_norOspiErase)
                  70059b7a    000000b6                                                       : flash_nor_ospi.obj (.text.Flash_norOspiEraseSector)
                  70059c30    000000b4     drivers.am263px.r5f.ti-arm-clang.nortos.release.lib : bootloader_uniflash_common.obj (.text.Bootloader_uniflashFlashFile)
                  70059ce4    000000b4     enet-cpsw.am263px.r5f.ti-arm-clang.nortos.release.lib : cpsw_est.obj (.text.CpswEst_ioctl_handler_CPSW_EST_IOCTL_REGISTER_HANDLER)
                  70059d98    000000b4                                                           : cpsw_ioctl.obj (.text.Cpsw_closePortLink)
                  70059e4c    000000b4                                                           : cpsw.obj (.text.Cpsw_handleMdioLinkStateChange)
                  70059f00    000000b4                                                           : enet_cpdmautils.obj (.text.EnetAppUtils_isDescCached)
                  70059fb4    000000b4                                                           : enet.obj (.text.Enet_close)
                  7005a068    000000b4     libc.a : fseek.c.obj (.text.fseeko)
                  7005a11c    000000b2     ti_enet_config.obj (.text.EnetAppSoc_getMacAddrList)
                  7005a1ce    00000002     --HOLE-- [fill = 0]
                  7005a1d0    000000b0     enet-cpsw.am263px.r5f.ti-arm-clang.nortos.release.lib : enet_queue.obj (.text.EnetQueue_append)
                  7005a280    000000b0                                                           : mdio_ioctl.obj (.text.Mdio_ioctl_handler_MDIO_IOCTL_HANDLE_INTR)
                  7005a330    000000b0     libc.a : fclose.c.obj (.text.__TI_closefile)
                  7005a3e0    000000b0     nortos.am263px.r5f.ti-arm-clang.release.lib : printf.obj (.text._ntoa_long_long)
                  7005a490    000000ac     enet-cpsw.am263px.r5f.ti-arm-clang.nortos.release.lib : cpsw_stats.obj (.text.CpswStats_resetMacStats)
                  7005a53c    000000ac                                                           : enet_cpdma.obj (.text.EnetCpdma_rxIsrProc)
                  7005a5e8    000000ac                                                           : enetphy.obj (.text.EnetPhy_setupManual)
                  7005a694    000000ac                                                           : enet_rm_ioctl.obj (.text.EnetRm_allocResource)
                  7005a740    000000ac                                                           : mdio_ioctl.obj (.text.Mdio_normal_ioctl_handler_ENET_MDIO_IOCTL_C45_WRITE)
                  7005a7ec    000000ac     drivers.am263px.r5f.ti-arm-clang.nortos.release.lib : soc_rcm.obj (.text.SOC_rcmGetCoreHSDivOut)
                  7005a898    000000ac                                                         : uart_v0_lld.obj (.text.UART_divisorLatchWrite)
                  7005a944    000000ac     board.obj (.text.board_flash_reset)
                  7005a9f0    000000a8     drivers.am263px.r5f.ti-arm-clang.nortos.release.lib : bootloader_uniflash_common.obj (.text.Bootloader_uniflashFlashErase)
                  7005aa98    000000a8     enet-cpsw.am263px.r5f.ti-arm-clang.nortos.release.lib : csl_cpts.obj (.text.CSL_CPTS_setCntlReg)
                  7005ab40    000000a8                                                           : cpsw.obj (.text.Cpsw_initCfg)
                  7005abe8    000000a8                                                           : enet_cpdma.obj (.text.EnetCpdma_closeTxCh)
                  7005ac90    000000a8                                                           : enet_rm_ioctl.obj (.text.EnetRm_allocInternalRxFlowIdx)
                  7005ad38    000000a8                                                           : enet_rm_ioctl.obj (.text.EnetRm_ioctl_handler_ENET_RM_IOCTL_FREE_MAC_ADDR)
                  7005ade0    000000a6     nortos.am263px.r5f.ti-arm-clang.release.lib : printf.obj (.text._out_rev)
                  7005ae86    00000002     --HOLE-- [fill = 0]
                  7005ae88    000000a4     drivers.am263px.r5f.ti-arm-clang.nortos.release.lib : bootloader.obj (.text.Bootloader_loadSelfCpu)
                  7005af2c    000000a4     enet-cpsw.am263px.r5f.ti-arm-clang.nortos.release.lib : csl_cpsw.obj (.text.CSL_CPSW_setCpswControlReg)
                  7005afd0    000000a4     drivers.am263px.r5f.ti-arm-clang.nortos.release.lib : i2c_v1_lld.obj (.text.I2C_lld_mem_readIntr)
                  7005b074    000000a4                                                         : i2c_v1_lld.obj (.text.I2C_lld_mem_writeIntr)
                  7005b118    000000a4                                                         : ospi_v0_lld.obj (.text.OSPI_lld_initDma)
                  7005b1bc    000000a4     libc.a : memory.c.obj (.text.split)
                  7005b260    000000a0     drivers.am263px.r5f.ti-arm-clang.nortos.release.lib : bootloader_hsmRt_load.obj (.text.Bootloader_socLoadHsmRtFw)
                  7005b300    000000a0     enet-cpsw.am263px.r5f.ti-arm-clang.nortos.release.lib : cpsw_cpts_ioctl.obj (.text.CpswCpts_ioctl_handler_CPSW_CPTS_IOCTL_SET_ESTF)
                  7005b3a0    000000a0     drivers.am263px.r5f.ti-arm-clang.nortos.release.lib : edma.obj (.text.EDMA_freeDmaChannel)
                  7005b440    000000a0                                                         : edma.obj (.text.EDMA_freeParam)
                  7005b4e0    000000a0                                                         : edma.obj (.text.EDMA_freeTcc)
                  7005b580    000000a0     enet-cpsw.am263px.r5f.ti-arm-clang.nortos.release.lib : enet_cpdma.obj (.text.EnetCpdma_closeRxCh)
                  7005b620    000000a0                                                           : enetphy.obj (.text.EnetPhy_findCommonNwayCaps)
                  7005b6c0    000000a0     libsysbm.a : hostrename.c.obj (.text.HOSTrename)
                  7005b760    000000a0     drivers.am263px.r5f.ti-arm-clang.nortos.release.lib : i2c_v1.obj (.text.I2C_close)
                  7005b800    000000a0                                                         : uart_dma_edma.obj (.text.UART_lld_dmaRead)
                  7005b8a0    0000009e                                                         : bootloader.obj (.text.Bootloader_getMsgLen)
                  7005b93e    0000009e     nortos.am263px.r5f.ti-arm-clang.release.lib : SemaphoreP_nortos.obj (.text.SemaphoreP_pend)
                  7005b9dc    0000009c     drivers.am263px.r5f.ti-arm-clang.nortos.release.lib : bootloader_soc.obj (.text.Bootloader_socCpuPowerOnReset)
                  7005ba78    0000009c     enet-cpsw.am263px.r5f.ti-arm-clang.nortos.release.lib : enet_queue.obj (.text.EnetQueue_enq)
                  7005bb14    0000009c     drivers.am263px.r5f.ti-arm-clang.nortos.release.lib : soc_rcm.obj (.text.SOC_rcmsetR5SysClock)
                  7005bbb0    0000009c     libc.a : _io_perm.c.obj (.text.__TI_wrt_ok)
                  7005bc4c    0000009a     enet-cpsw.am263px.r5f.ti-arm-clang.nortos.release.lib : cpsw_ale_ioctl.obj (.text.CpswAle_findAddr)
                  7005bce6    0000009a     ti_drivers_config.obj (.text.HsmClient_config)
                  7005bd80    00000098     libsysbm.a : hostlseek.c.obj (.text.HOSTlseek)
                  7005be18    00000098     enet-cpsw.am263px.r5f.ti-arm-clang.nortos.release.lib : mdio.obj (.text.Mdio_close)
                  7005beb0    00000098                                                           : mdio_manual_ioctl.obj (.text.Mdio_manual_ioctl_handler_ENET_MDIO_IOCTL_C22_WRITE)
                  7005bf48    00000096     security.am263px.r5f.ti-arm-clang.nortos.release.lib : hsmclient.obj (.text.HsmClient_isr)
                  7005bfde    00000002     --HOLE-- [fill = 0]
                  7005bfe0    00000094     enet-cpsw.am263px.r5f.ti-arm-clang.nortos.release.lib : cpsw.obj (.text.Cpsw_close)
                  7005c074    00000094     drivers.am263px.r5f.ti-arm-clang.nortos.release.lib : edma.obj (.text.EDMA_configureChannelRegion)
                  7005c108    00000094     enet-cpsw.am263px.r5f.ti-arm-clang.nortos.release.lib : enet_apputils.obj (.text.EnetAppUtils_validatePacketState)
                  7005c19c    00000094     libsysbm.a : hostopen.c.obj (.text.HOSTopen)
                  7005c230    00000094     drivers.am263px.r5f.ti-arm-clang.nortos.release.lib : i2c_v1_lld.obj (.text.I2C_lld_init)
                  7005c2c4    00000094                                                         : ospi_v0_lld.obj (.text.OSPI_flashExecCmd)
                  7005c358    00000090     enet-cpsw.am263px.r5f.ti-arm-clang.nortos.release.lib : enet_rm.obj (.text.EnetRm_initCoreResourceQ)
                  7005c3e8    0000008e     nortos.am263px.r5f.ti-arm-clang.release.lib : printf.obj (.text._ntoa_long)
                  7005c476    0000008c     drivers.am263px.r5f.ti-arm-clang.nortos.release.lib : bootloader_uniflash_common.obj (.text.Bootloader_uniflashFlashVerifyFile)
                  7005c502    00000002     --HOLE-- [fill = 0]
                  7005c504    0000008c     enet-cpsw.am263px.r5f.ti-arm-clang.nortos.release.lib : csl_cpsw_ale_9g_tblcfg.obj (.text.CSL_CPSW_getAleVlanUnicastAddrEntry)
                  7005c590    0000008c     ti_enet_config.obj (.text.EnetApp_coreAttach)
                  7005c61c    0000008c     ti_enet_open_close.obj (.text.EnetApp_getTxDmaHandle)
                  7005c6a8    0000008c     enet-cpsw.am263px.r5f.ti-arm-clang.nortos.release.lib : enetphy.obj (.text.EnetPhy_rmwReg)
                  7005c734    0000008c                                                           : enet_rm_ioctl.obj (.text.EnetRm_ioctl_handler_ENET_RM_IOCTL_ALLOC_RX_FLOW)
                  7005c7c0    0000008c                                                           : mdio_manual_ioctl.obj (.text.Mdio_manualModePhyRegAddWriteC45)
                  7005c84c    0000008c     drivers.am263px.r5f.ti-arm-clang.nortos.release.lib : ospi_v0_lld.obj (.text.OSPI_lld_init)
                  7005c8d8    0000008c     libsysbm.a : close.c.obj (.text.close)
                  7005c964    0000008a     drivers.am263px.r5f.ti-arm-clang.nortos.release.lib : ospi_edma_lld.obj (.text.OSPI_dmaClose)
                  7005c9ee    00000002     --HOLE-- [fill = 0]
                  7005c9f0    00000088     enet-cpsw.am263px.r5f.ti-arm-clang.nortos.release.lib : cpsw_hostport_ioctl.obj (.text.CpswHostPort_ioctl_handler_ENET_HOSTPORT_IOCTL_SET_INGRESS_DSCP_PRI_MAP)
                  7005ca78    00000088                                                           : enet_cpdma.obj (.text.EnetCpdma_close)
                  7005cb00    00000088     drivers.am263px.r5f.ti-arm-clang.nortos.release.lib : uart_v0.obj (.text.UART_init)
                  7005cb88    00000088     libc.a : fflush.c.obj (.text.__TI_doflush)
                  7005cc10    00000086     enet-cpsw.am263px.r5f.ti-arm-clang.nortos.release.lib : csl_cpsw.obj (.text.CSL_CPSW_getCpswControlReg)
                  7005cc96    00000084     drivers.am263px.r5f.ti-arm-clang.nortos.release.lib : bootloader_uniflash_common.obj (.text.Bootloader_uniflashFlashFileSector)
                  7005cd1a    00000002     --HOLE-- [fill = 0]
                  7005cd1c    00000084     enet-cpsw.am263px.r5f.ti-arm-clang.nortos.release.lib : csl_cpsw_ale_9g_tblcfg.obj (.text.CSL_CPSW_getAleUnicastAddrEntry)
                  7005cda0    00000084                                                           : cpsw.obj (.text.Cpsw_closeInternal)
                  7005ce24    00000084                                                           : enet_rm_ioctl.obj (.text.EnetRm_ioctl_handler_ENET_RM_IOCTL_FREE_TX_CH_PEERID)
                  7005cea8    00000084     libsysbm.a : hostread.c.obj (.text.HOSTread)
                  7005cf2c    00000084                : hostwrite.c.obj (.text.HOSTwrite)
                  7005cfb0    00000082     enet-cpsw.am263px.r5f.ti-arm-clang.nortos.release.lib : csl_cpsw.obj (.text.CSL_CPSW_setAlePortControlReg)
                  7005d032    00000002     --HOLE-- [fill = 0]
                  7005d034    00000080                                                           : csl_cpsw_ale_9g_tblcfg.obj (.text.CSL_CPSW_getAleOutVlanEntry)
                  7005d0b4    00000080                                                           : csl_cpsw_ale_9g_tblcfg.obj (.text.CSL_CPSW_getAleVlanEntry)
                  7005d134    00000080     drivers.am263px.r5f.ti-arm-clang.nortos.release.lib : edma.obj (.text.EDMA_close)
                  7005d1b4    00000080     enet-cpsw.am263px.r5f.ti-arm-clang.nortos.release.lib : enetphy.obj (.text.EnetPhy_getId)
                  7005d234    00000080                                                           : enet_rm.obj (.text.EnetRm_freeResource)
                  7005d2b4    00000080                                                           : enet.obj (.text.Enet_getDmaHandle)
                  7005d334    00000080     board.am263px.r5f.ti-arm-clang.nortos.release.lib : flash_nor_ospi.obj (.text.Flash_norOspiRegWrite)
                  7005d3b4    00000080     drivers.am263px.r5f.ti-arm-clang.nortos.release.lib : ospi_v0.obj (.text.OSPI_readDirect)
                  7005d434    00000080                                                         : uart_v0.obj (.text.UART_flushTxFifo)
                  7005d4b4    0000007c     enet-cpsw.am263px.r5f.ti-arm-clang.nortos.release.lib : cpsw_ale.obj (.text.CpswAle_close)
                  7005d530    0000007c     ti_drivers_open_close.obj (.text.Drivers_i2cOpen)
                  7005d5ac    0000007c     enet-cpsw.am263px.r5f.ti-arm-clang.nortos.release.lib : enet_rm.obj (.text.EnetRm_getFreeQ)
                  7005d628    00000078                                                           : enet_apputils.obj (.text.EnetAppUtils_updatemacResPart)
                  7005d6a0    00000078     ti_enet_open_close.obj (.text.EnetApp_initPhyStateHandlerTask)
                  7005d718    00000078     drivers.am263px.r5f.ti-arm-clang.nortos.release.lib : ospi_v0.obj (.text.OSPI_init)
                  7005d790    00000076     ti_enet_config.obj (.text.EnetAppSoc_releaseMacAddrList)
                  7005d806    00000002     --HOLE-- [fill = 0]
                  7005d808    00000074     enet-cpsw.am263px.r5f.ti-arm-clang.nortos.release.lib : cpsw_est_ioctl.obj (.text.Cpsw_setupEstf)
                  7005d87c    00000074                                                           : enet_apputils.obj (.text.EnetAppUtils_reduceCoreMacAllocation)
                  7005d8f0    00000074                                                           : enetphy.obj (.text.EnetPhy_getManualCaps)
                  7005d964    00000072     board.am263px.r5f.ti-arm-clang.nortos.release.lib : eeprom_cat24m.obj (.text.EEPROM_CAT24M_read)
                  7005d9d6    00000072     drivers.am263px.r5f.ti-arm-clang.nortos.release.lib : i2c_v1_lld.obj (.text.I2C_lld_targetTransferIntr)
                  7005da48    00000070     ti_board_open_close.obj (.text.Board_flashOpen)
                  7005dab8    00000070     enet-cpsw.am263px.r5f.ti-arm-clang.nortos.release.lib : cpsw_stats.obj (.text.CpswStats_resetHostStats)
                  7005db28    00000070                                                           : enetphy.obj (.text.EnetPhy_setIsolateState)
                  7005db98    00000070                                                           : enet_queue.obj (.text.EnetQueue_deq)
                  7005dc08    00000070                                                           : enet.obj (.text.Enet_getHandles)
                  7005dc78    00000070     board.am263px.r5f.ti-arm-clang.nortos.release.lib : flash.obj (.text.Flash_offsetToSectorPage)
                  7005dce8    0000006e     drivers.am263px.r5f.ti-arm-clang.nortos.release.lib : edma.obj (.text.EDMA_disableTransferRegion)
                  7005dd56    0000006e                                                         : edma.obj (.text.EDMA_enableTransferRegion)
                  7005ddc4    0000006c     enet-cpsw.am263px.r5f.ti-arm-clang.nortos.release.lib : cpsw_cpts_ioctl.obj (.text.CpswCpts_calcPpmVal)
                  7005de30    0000006c     ti_drivers_open_close.obj (.text.Drivers_close)
                  7005de9c    0000006c     enet-cpsw.am263px.r5f.ti-arm-clang.nortos.release.lib : enet_queue.obj (.text.EnetQueue_copyQ)
                  7005df08    0000006c                                                           : enet.obj (.text.Enet_init)
                  7005df74    0000006c     board.am263px.r5f.ti-arm-clang.nortos.release.lib : flash.obj (.text.Flash_offsetToBlkPage)
                  7005dfe0    0000006c     libsysbm.a : hostunlink.c.obj (.text.HOSTunlink)
                  7005e04c    0000006c     drivers.am263px.r5f.ti-arm-clang.nortos.release.lib : ospi_phy_am26x_lld.obj (.text.OSPI_lld_phyResyncDLL)
                  7005e0b8    0000006c     board.obj (.text.TCA6424_Flash_reset)
                  7005e124    0000006c     drivers.am263px.r5f.ti-arm-clang.nortos.release.lib : uart_v0_lld.obj (.text.UART_lld_writeDma)
                  7005e190    0000006a     enet-cpsw.am263px.r5f.ti-arm-clang.nortos.release.lib : csl_cpsw.obj (.text.CSL_CPSW_setPTypeReg)
                  7005e1fa    0000006a     board.am263px.r5f.ti-arm-clang.nortos.release.lib : dp83869.obj (.text.Dp83869_rmwExtReg)
                  7005e264    0000006a     sbl_enet.obj (.text.EnetSBL_retrieveFreeTxPkts)
                  7005e2ce    0000006a     sbl_enet.obj (.text.EnetSBL_txFlashResp)
                  7005e338    0000006a     board.am263px.r5f.ti-arm-clang.nortos.release.lib : flash_nor_ospi.obj (.text.Flash_norOspiSetModeDummy)
                  7005e3a2    0000006a     board.obj (.text.TCA6416_Flash_reset)
                  7005e40c    00000068     enet-cpsw.am263px.r5f.ti-arm-clang.nortos.release.lib : csl_cpsw.obj (.text.CSL_CPSW_setPortEstConfig)
                  7005e474    00000068                                                           : cpsw_hostport.obj (.text.CpswHostPort_close)
                  7005e4dc    00000068                                                           : enet_ioctlutils.obj (.text.EnetAppUtils_addHostPortEntry)
                  7005e544    00000068                                                           : enet_ioctlutils.obj (.text.EnetAppUtils_delAddrEntry)
                  7005e5ac    00000068                                                           : enet_osal.obj (.text.EnetOsal_createMutex)
                  7005e614    00000068     board.am263px.r5f.ti-arm-clang.nortos.release.lib : flash_nor_ospi.obj (.text.Flash_norOspiSetRegCfg)
                  7005e67c    00000068     drivers.am263px.r5f.ti-arm-clang.nortos.release.lib : uart_v0_lld.obj (.text.UART_lld_writeIntr)
                  7005e6e4    00000066     board.am263px.r5f.ti-arm-clang.nortos.release.lib : flash_nor_ospi.obj (.text.Flash_norOspiRegRead)
                  7005e74a    00000066     nortos.am263px.r5f.ti-arm-clang.release.lib : PmuP_armv7r.obj (.text.pmu)
                  7005e7b0    00000064     enet-cpsw.am263px.r5f.ti-arm-clang.nortos.release.lib : csl_cpsw.obj (.text.CSL_CPSW_getAlePortControlReg)
                  7005e814    00000064                                                           : csl_cpsw.obj (.text.CSL_CPSW_setCppiP0Control)
                  7005e878    00000064                                                           : csl_cpsw.obj (.text.CSL_CPSW_setPortControlReg)
                  7005e8dc    00000064                                                           : cpsw_ale.obj (.text.CpswAle_initCfg)
                  7005e940    00000064                                                           : enet_appmemutils.obj (.text.EnetDma_checkPktState)
                  7005e9a4    00000064                                                           : mdio_ioctl.obj (.text.Mdio_normal_ioctl_handler_ENET_MDIO_IOCTL_C22_READ)
                  7005ea08    00000064     drivers.am263px.r5f.ti-arm-clang.nortos.release.lib : soc.obj (.text.SOC_controlModuleUnlockMMR)
                  7005ea6c    00000064                                                         : soc_rcm.obj (.text.SOC_rcmStartMemInitTCMA)
                  7005ead0    00000064                                                         : soc_rcm.obj (.text.SOC_rcmStartMemInitTCMB)
                  7005eb34    00000064                                                         : uart_v0_lld.obj (.text.UART_procLineStatusErr)
                  7005eb98    00000062     security.am263px.r5f.ti-arm-clang.nortos.release.lib : hsmclient.obj (.text.HsmClient_register)
                  7005ebfa    00000060     enet-cpsw.am263px.r5f.ti-arm-clang.nortos.release.lib : csl_cpsw.obj (.text.CSL_CPSW_setPortStatsEnableReg)
                  7005ec5a    00000002     --HOLE-- [fill = 0]
                  7005ec5c    00000060                                                           : cpsw_ioctl.obj (.text.Cpsw_internalIoctl_handler_ENET_PER_IOCTL_IS_PORT_LINK_UP)
                  7005ecbc    00000060     board.am263px.r5f.ti-arm-clang.nortos.release.lib : dp83869.obj (.text.Dp83869_getSpeedDuplex)
                  7005ed1c    00000060     enet-cpsw.am263px.r5f.ti-arm-clang.nortos.release.lib : enet_ioctlutils.obj (.text.EnetAppUtils_allocMac)
                  7005ed7c    00000060                                                           : enet_cpdma.obj (.text.EnetCpdma_enableChannel)
                  7005eddc    00000060     libsysbm.a : hostclose.c.obj (.text.HOSTclose)
                  7005ee3c    00000060     drivers.am263px.r5f.ti-arm-clang.nortos.release.lib : ospi_phy_am26x_lld.obj (.text.OSPI_lld_phyBasicConfig)
                  7005ee9c    00000060                                                         : soc_rcm.obj (.text.SOC_rcmMemInitL2Memory)
                  7005eefc    00000060                                                         : soc_rcm.obj (.text.SOC_rcmR5ConfigDualCore)
                  7005ef5c    00000060                                                         : soc_rcm.obj (.text.SOC_rcmWaitMemInitTCMA)
                  7005efbc    00000060                                                         : soc_rcm.obj (.text.SOC_rcmWaitMemInitTCMB)
                  7005f01c    0000005e     nortos.am263px.r5f.ti-arm-clang.release.lib : ClockP_nortos.obj (.text.ClockP_timerTickIsr)
                  7005f07a    0000005e     board.am263px.r5f.ti-arm-clang.nortos.release.lib : dp83869.obj (.text.Dp83869_enableAdvertisement)
                  7005f0d8    0000005e                                                       : generic_phy.obj (.text.GenericPhy_enableAdvertisement)
                  7005f136    00000002     --HOLE-- [fill = 0]
                  7005f138    0000005c     drivers.am263px.r5f.ti-arm-clang.nortos.release.lib : bootloader_soc.obj (.text.Bootloader_socSetAutoClock)
                  7005f194    0000005c     board.am263px.r5f.ti-arm-clang.nortos.release.lib : dp83869.obj (.text.Dp83869_disableAdvertisement)
                  7005f1f0    0000005c     enet-cpsw.am263px.r5f.ti-arm-clang.nortos.release.lib : enet_cpdmautils.obj (.text.EnetAppUtils_allocRxFlow)
                  7005f24c    0000005c                                                           : enet_utils.obj (.text.EnetUtils_macToPhyMii)
                  7005f2a8    0000005c     drivers.am263px.r5f.ti-arm-clang.nortos.release.lib : gpio.obj (.text.GPIO_setTrigType)
                  7005f304    0000005c     board.am263px.r5f.ti-arm-clang.nortos.release.lib : generic_phy.obj (.text.GenericPhy_disableAdvertisement)
                  7005f360    0000005c                                                       : generic_phy.obj (.text.GenericPhy_readExtReg)
                  7005f3bc    0000005c     drivers.am263px.r5f.ti-arm-clang.nortos.release.lib : soc.obj (.text.SOC_controlModuleLockMMR)
                  7005f418    0000005c     nortos.am263px.r5f.ti-arm-clang.release.lib : DebugP_log.obj (.text._DebugP_assert)
                  7005f474    0000005a     enet-cpsw.am263px.r5f.ti-arm-clang.nortos.release.lib : csl_cpgmac_sl.obj (.text.CSL_CPGMAC_SL_getMacStatusReg)
                  7005f4ce    0000005a     drivers.am263px.r5f.ti-arm-clang.nortos.release.lib : ospi_v0_lld.obj (.text.OSPI_lld_setXferOpCodes)
                  7005f528    00000058     ti_board_open_close.obj (.text.Board_eepromOpen)
                  7005f580    00000058     drivers.am263px.r5f.ti-arm-clang.nortos.release.lib : bootloader.obj (.text.Bootloader_runCpu)
                  7005f5d8    00000058     ti_clocktree_pll_config.obj (.text.Bootloader_socConfigurePll)
                  7005f630    00000058     enet-cpsw.am263px.r5f.ti-arm-clang.nortos.release.lib : cpsw_cpts_ioctl.obj (.text.CpswCpts_checkGenfEstfErrata)
                  7005f688    00000058                                                           : cpsw.obj (.text.Cpsw_dmaRxIsr)
                  7005f6e0    00000058                                                           : cpsw.obj (.text.Cpsw_dmaTxIsr)
                  7005f738    00000058                                                           : enet_ioctlutils.obj (.text.EnetAppUtils_freeMac)
                  7005f790    00000058                                                           : mdio_ioctl.obj (.text.Mdio_normal_ioctl_handler_ENET_MDIO_IOCTL_C22_WRITE)
                  7005f7e8    00000058     libc.a : fopen.c.obj (.text.__TI_cleanup)
                  7005f840    00000058     libsysbm.a : trgmsg.c.obj (.text.__TI_readmsg)
                  7005f898    00000058                : trgmsg.c.obj (.text.__TI_writemsg)
                  7005f8f0    00000056     nortos.am263px.r5f.ti-arm-clang.release.lib : ClockP_nortos.obj (.text.ClockP_getTimeUsec)
                  7005f946    00000056     drivers.am263px.r5f.ti-arm-clang.nortos.release.lib : uart_v0_lld.obj (.text.UART_intrDisable)
                  7005f99c    00000056                                                         : uart_v0_lld.obj (.text.UART_writeCancelNoCB)
                  7005f9f2    00000002     --HOLE-- [fill = 0]
                  7005f9f4    00000054     enet-cpsw.am263px.r5f.ti-arm-clang.nortos.release.lib : cpsw_macport_ioctl.obj (.text.CpswMacPort_ioctl_handler_ENET_TAS_IOCTL_SET_STATE)
                  7005fa48    00000054                                                           : enet_cpdmautils.obj (.text.EnetAppUtils_allocTxCh)
                  7005fa9c    00000054     ti_enet_config.obj (.text.EnetApp_getEnetInstInfo)
                  7005faf0    00000054     enet-cpsw.am263px.r5f.ti-arm-clang.nortos.release.lib : enet_osal.obj (.text.EnetOsal_deleteMutex)
                  7005fb44    00000054                                                           : enet_utils.obj (.text.EnetUtils_init)
                  7005fb98    00000054     board.am263px.r5f.ti-arm-clang.nortos.release.lib : flash_nor_ospi.obj (.text.Flash_norOspiRead)
                  7005fbec    00000054     libc.a : exit.c.obj (.text.exit)
                  7005fc40    00000054            : getdevice.c.obj (.text.finddevice)
                  7005fc94    00000054            : autoinit.c.obj (.text:__TI_auto_init_nobinit_nopinit)
                  7005fce8    00000052     nortos.am263px.r5f.ti-arm-clang.release.lib : AddrTranslateP_32bit.obj (.text.AddrTranslateP_getLocalAddr)
                  7005fd3a    00000052     drivers.am263px.r5f.ti-arm-clang.nortos.release.lib : bootloader_uniflash_common.obj (.text.Bootloader_uniflashFlashPhyTuningData)
                  7005fd8c    00000052     enet-cpsw.am263px.r5f.ti-arm-clang.nortos.release.lib : csl_cpsw.obj (.text.CSL_CPSW_getPTypeReg)
                  7005fdde    00000052     ti_enet_soc.obj (.text.EnetSoc_getMacPortMii)
                  7005fe30    00000052     ti_enet_soc.obj (.text.EnetSoc_init)
                  7005fe82    00000052     board.am263px.r5f.ti-arm-clang.nortos.release.lib : generic_phy.obj (.text.GenericPhy_writeExtReg)
                  7005fed4    00000052     drivers.am263px.r5f.ti-arm-clang.nortos.release.lib : ospi_v0_lld.obj (.text.OSPI_lld_flashMemcpy)
                  7005ff26    00000050     enet-cpsw.am263px.r5f.ti-arm-clang.nortos.release.lib : csl_cpsw.obj (.text.CSL_CPSW_getPortEstConfig)
                  7005ff76    00000050                                                           : cpsw_ale_ioctl.obj (.text.CpswAle_ioctl_handler_CPSW_ALE_IOCTL_ADD_UCAST)
                  7005ffc6    00000002     --HOLE-- [fill = 0]
                  7005ffc8    00000050                                                           : cpsw_macport_est_ioctl.obj (.text.CpswMacPortEst_ioctl_handler_ENET_TAS_IOCTL_SET_STATE)
                  70060018    00000050                                                           : cpsw_macport.obj (.text.CpswMacPort_close)
                  70060068    00000050                                                           : cpsw_macport_est.obj (.text.CpswMacPort_openEst)
                  700600b8    00000050     drivers.am263px.r5f.ti-arm-clang.nortos.release.lib : edma.obj (.text.EDMA_allocDmaChannel)
                  70060108    00000050                                                         : edma.obj (.text.EDMA_allocParam)
                  70060158    00000050                                                         : edma.obj (.text.EDMA_allocTcc)
                  700601a8    00000050     enet-cpsw.am263px.r5f.ti-arm-clang.nortos.release.lib : enet_osal.obj (.text.EnetOsal_unregisterIntr)
                  700601f8    00000050     drivers.am263px.r5f.ti-arm-clang.nortos.release.lib : soc_rcm.obj (.text.SBL_rcmIsDualCoreSwitchSupported)
                  70060248    0000004e     enet-cpsw.am263px.r5f.ti-arm-clang.nortos.release.lib : csl_cpsw.obj (.text.CSL_CPSW_getCppiP0Control)
                  70060296    0000004e     nortos.am263px.r5f.ti-arm-clang.release.lib : ClockP_nortos.obj (.text.ClockP_addToList)
                  700602e4    0000004e     enet-cpsw.am263px.r5f.ti-arm-clang.nortos.release.lib : cpsw_ale.obj (.text.CpswAle_delIPv6HighEntry)
                  70060332    0000004e     ti_drivers_open_close.obj (.text.Drivers_uartOpen)
                  70060380    0000004e     drivers.am263px.r5f.ti-arm-clang.nortos.release.lib : edma.obj (.text.EDMA_disableChInShadowRegRegion)
                  700603ce    0000004e     enet-cpsw.am263px.r5f.ti-arm-clang.nortos.release.lib : enet_cpdma.obj (.text.EnetDma_retrieveRxPktQ)
                  7006041c    0000004e     board.am263px.r5f.ti-arm-clang.nortos.release.lib : flash_nor_ospi.obj (.text.Flash_norOspiSetRdDataCaptureDelay)
                  7006046a    00000002     --HOLE-- [fill = 0]
                  7006046c    0000004c     drivers.am263px.r5f.ti-arm-clang.nortos.release.lib : bootloader_soc.obj (.text.Bootloader_socCpuGetClock)
                  700604b8    0000004c     enet-cpsw.am263px.r5f.ti-arm-clang.nortos.release.lib : cpsw.obj (.text.Cpsw_dmaRxThreshIsr)
                  70060504    0000004c     ti_drivers_open_close.obj (.text.Drivers_edmaOpen)
                  70060550    0000004c     ti_drivers_open_close.obj (.text.Drivers_ospiOpen)
                  7006059c    0000004c     enet-cpsw.am263px.r5f.ti-arm-clang.nortos.release.lib : enet_cpdma.obj (.text.EnetDma_retrieveTxPktQ)
                  700605e8    0000004c                                                           : enet_queue.obj (.text.EnetQueue_getQCount)
                  70060634    0000004c     drivers.am263px.r5f.ti-arm-clang.nortos.release.lib : bootloader_flash.obj (.text.Flash_imgRead)
                  70060680    0000004c                                                         : i2c_v1.obj (.text.I2C_LLD_targetTransferCompleteCallback)
                  700606cc    0000004c                                                         : ospi_v0.obj (.text.OSPI_close)
                  70060718    0000004c                                                         : ospi_v0_lld.obj (.text.OSPI_lld_deInit)
                  70060764    0000004c                                                         : soc_rcm.obj (.text.SOC_rcmCoreR5FUnhalt)
                  700607b0    0000004a     enet-cpsw.am263px.r5f.ti-arm-clang.nortos.release.lib : csl_cpsw.obj (.text.CSL_CPSW_getPortControlReg)
                  700607fa    00000002     --HOLE-- [fill = 0]
                  700607fc    0000004a                                                           : csl_cpsw.obj (.text.CSL_CPSW_getTxMaxLenPerPriority)
                  70060846    0000004a                                                           : csl_cpts.obj (.text.CSL_CPTS_setupESTFn)
                  70060890    00000048                                                           : csl_cpsw.obj (.text.CSL_CPSW_setTxMaxLenPerPriority)
                  700608d8    00000048                                                           : cpsw_ale.obj (.text.CpswAle_getIoctlHandlerIdx)
                  70060920    00000048                                                           : cpsw_cpts.obj (.text.CpswCpts_getIoctlHandlerIdx)
                  70060968    00000048                                                           : cpsw_hostport.obj (.text.CpswHostPort_getIoctlHandlerIdx)
                  700609b0    00000048                                                           : cpsw_macport_est.obj (.text.CpswMacPortEst_getIoctlHandlerIdx)
                  700609f8    00000048                                                           : cpsw_macport.obj (.text.CpswMacPort_getIoctlHandlerIdx)
                  70060a40    00000048                                                           : cpsw_stats.obj (.text.CpswStats_getIoctlHandlerIdx)
                  70060a88    00000048                                                           : cpsw.obj (.text.Cpsw_getIoctlHandlerIdx)
                  70060ad0    00000048                                                           : enet_phymdio_dflt.obj (.text.EnetPhyMdioDflt_getIoctlHandlerIdx)
                  70060b18    00000048                                                           : enetphy.obj (.text.EnetPhy_getLinkCfg)
                  70060b60    00000048                                                           : enet_rm.obj (.text.EnetRm_getIoctlHandlerIdx)
                  70060ba8    00000048                                                           : mdio.obj (.text.Mdio_getIoctlHandlerIdx)
                  70060bf0    00000048     drivers.am263px.r5f.ti-arm-clang.nortos.release.lib : ospi_v0_lld.obj (.text.OSPI_lld_deInitDma)
                  70060c38    00000048                                                         : ospi_phy_am26x_lld.obj (.text.OSPI_lld_phyFindTxHigh)
                  70060c80    00000048                                                         : ospi_phy_am26x_lld.obj (.text.OSPI_lld_phyFindTxLow)
                  70060cc8    00000048                                                         : uart_dma_edma.obj (.text.UART_edmaIsrRx)
                  70060d10    00000048     libsysbm.a : unlink.c.obj (.text.unlink)
                  70060d58    00000046     board.am263px.r5f.ti-arm-clang.nortos.release.lib : generic_phy.obj (.text.GenericPhy_isLinkUp)
                  70060d9e    00000046     drivers.am263px.r5f.ti-arm-clang.nortos.release.lib : ospi_phy_am26x_lld.obj (.text.OSPI_lld_phyFindRxHigh)
                  70060de4    00000046                                                         : ospi_phy_am26x_lld.obj (.text.OSPI_lld_phyFindRxLow)
                  70060e2a    00000046                                                         : ospi_phy_am26x_lld.obj (.text.OSPI_lld_phySetRdDelayTxRxDLL)
                  70060e70    00000046                                                         : uart_dma_edma.obj (.text.UART_edmaIsrTx)
                  70060eb6    00000002     --HOLE-- [fill = 0]
                  70060eb8    00000044     enet-cpsw.am263px.r5f.ti-arm-clang.nortos.release.lib : csl_cpsw_ale_9g_tblcfg.obj (.text.CSL_CPSW_getALEPolicerEntryType)
                  70060efc    00000044                                                           : csl_cpsw_ale_9g_tblcfg.obj (.text.CSL_CPSW_mapTableWord2MacAddr)
                  70060f40    00000044                                                           : cpsw_est.obj (.text.CpswEst_getIoctlHandlerIdx)
                  70060f84    00000044                                                           : enetphy.obj (.text.EnetPhy_isAlive)
                  70060fc8    00000044                                                           : enetphy.obj (.text.EnetPhy_isPhyLinked)
                  7006100c    00000044                                                           : enetphy.obj (.text.EnetPhy_readReg)
                  70061050    00000044                                                           : enetphy.obj (.text.EnetPhy_writeReg)
                  70061094    00000044                                                           : mdio_manual_ioctl.obj (.text.Mdio_manualModeSendPreamble)
                  700610d8    00000044     drivers.am263px.r5f.ti-arm-clang.nortos.release.lib : ospi_v0.obj (.text.OSPI_writeIndirect)
                  7006111c    00000044                                                         : uart_v0.obj (.text.UART_Params_init)
                  70061160    00000044                                                         : uart_v0_lld.obj (.text.UART_lld_deInitDma)
                  700611a4    00000042     enet-cpsw.am263px.r5f.ti-arm-clang.nortos.release.lib : cpsw_macport.obj (.text.CpswMacPort_reset)
                  700611e6    00000042     board.am263px.r5f.ti-arm-clang.nortos.release.lib : flash_nor_ospi.obj (.text.Flash_quirkSpansionUNHYSADisable)
                  70061228    00000042     drivers.am263px.r5f.ti-arm-clang.nortos.release.lib : ospi_v0_lld.obj (.text.OSPI_lld_enablePhy)
                  7006126a    00000040                                                         : bootloader.obj (.text.Bootloader_findSeq)
                  700612aa    00000002     --HOLE-- [fill = 0]
                  700612ac    00000040                                                         : bootloader.obj (.text.Bootloader_open)
                  700612ec    00000040                                                         : bootloader_soc.obj (.text.Bootloader_socMemInitCpu)
                  7006132c    00000040     enet-cpsw.am263px.r5f.ti-arm-clang.nortos.release.lib : csl_cpsw.obj (.text.CSL_CPSW_getAleStatusNumPolicers)
                  7006136c    00000040                                                           : csl_cpsw.obj (.text.CSL_CPSW_setAlePolicerControlReg)
                  700613ac    00000040                                                           : csl_mdio.obj (.text.CSL_MDIO_phyInitiateRegWriteC45)
                  700613ec    00000040     nortos.am263px.r5f.ti-arm-clang.release.lib : ClockP_nortos.obj (.text.ClockP_stop)
                  7006142c    00000040     enet-cpsw.am263px.r5f.ti-arm-clang.nortos.release.lib : cpsw_ale.obj (.text.CpswAle_getFreeEntry)
                  7006146c    00000040     ti_dpl_config.obj (.text.Dpl_init)
                  700614ac    00000040     drivers.am263px.r5f.ti-arm-clang.nortos.release.lib : edma.obj (.text.EDMA_mapChToEvtQ)
                  700614ec    00000040     sbl_enet.obj (.text.EnetApp_updateCpswInitCfg)
                  7006152c    00000040     enet-cpsw.am263px.r5f.ti-arm-clang.nortos.release.lib : enet_cpdma.obj (.text.EnetDma_submitRxPktQ)
                  7006156c    00000040                                                           : enet_hostport.obj (.text.EnetHostPortDma_close)
                  700615ac    00000040                                                           : enetphy.obj (.text.EnetPhy_getLocalCaps)
                  700615ec    00000040                                                           : enet_utils.obj (.text.EnetUtils_printf)
                  7006162c    00000040                                                           : mdio_manual_ioctl.obj (.text.Mdio_manual_ioctl_handler_ENET_MDIO_IOCTL_C22_READ)
                  7006166c    00000040     drivers.am263px.r5f.ti-arm-clang.nortos.release.lib : ospi_phy_am26x_lld.obj (.text.OSPI_lld_phyReadAttackVector)
                  700616ac    00000040                                                         : pinmux.obj (.text.Pinmux_config)
                  700616ec    00000040                                                         : uart_v0_lld.obj (.text.UART_lld_deInit)
                  7006172c    00000040     libc.a : memory.c.obj (.text.free_list_insert)
                  7006176c    0000003e     board.am263px.r5f.ti-arm-clang.nortos.release.lib : generic_phy.obj (.text.GenericPhy_getId)
                  700617aa    0000003e     security.am263px.r5f.ti-arm-clang.nortos.release.lib : hsmclient_loadhsmrt.obj (.text.Hsmclient_mboxRxISR)
                  700617e8    0000003e     drivers.am263px.r5f.ti-arm-clang.nortos.release.lib : i2c_v1_lld.obj (.text.I2C_lld_transferInit)
                  70061826    0000003e     security.am263px.r5f.ti-arm-clang.nortos.release.lib : sipc_notify_src.obj (.text.SIPC_registerClient)
                  70061864    0000003c     enet-cpsw.am263px.r5f.ti-arm-clang.nortos.release.lib : csl_cpsw.obj (.text.CSL_CPSW_setAleAgingTimerReg)
                  700618a0    0000003c                                                           : csl_mdio.obj (.text.CSL_MDIO_phyInitiateRegReadC45)
                  700618dc    0000003c                                                           : cpsw_ale.obj (.text.CpswAle_setPolicerDefaultThreadCfg)
                  70061918    0000003c                                                           : cpsw_cpts.obj (.text.CpswCpts_close)
                  70061954    0000003c     drivers.am263px.r5f.ti-arm-clang.nortos.release.lib : edma.obj (.text.EDMA_getBaseAddr)
                  70061990    0000003c     board.am263px.r5f.ti-arm-clang.nortos.release.lib : generic_phy.obj (.text.GenericPhy_printRegs)
                  700619cc    0000003c     drivers.am263px.r5f.ti-arm-clang.nortos.release.lib : ospi_phy_am26x_lld.obj (.text.OSPI_lld_phyTuneDDR)
                  70061a08    0000003c                                                         : soc_rcm.obj (.text.SOC_rcmR5ConfigLockStep)
                  70061a44    0000003c                                                         : uart_v0_lld.obj (.text.UART_readData)
                  70061a80    0000003a     nortos.am263px.r5f.ti-arm-clang.release.lib : ClockP_nortos.obj (.text.ClockP_destruct)
                  70061aba    0000003a                                                 : DebugP_uartLogWriter.obj (.text.DebugP_uartLogWriterPutChar)
                  70061af4    0000003a     board.am263px.r5f.ti-arm-clang.nortos.release.lib : eeprom.obj (.text.EEPROM_open)
                  70061b2e    0000003a     enet-cpsw.am263px.r5f.ti-arm-clang.nortos.release.lib : enetphy.obj (.text.EnetPhy_initCfg)
                  70061b68    0000003a     ti_enet_soc.obj (.text.EnetSoc_getIntrNum)
                  70061ba2    0000003a     board.am263px.r5f.ti-arm-clang.nortos.release.lib : flash.obj (.text.Flash_open)
                  70061bdc    0000003a     drivers.am263px.r5f.ti-arm-clang.nortos.release.lib : i2c_v1.obj (.text.I2C_completeCurrTransfer)
                  70061c16    0000003a     ti_power_clock_config.obj (.text.Module_clockSetFrequency)
                  70061c50    0000003a     board.am263px.r5f.ti-arm-clang.nortos.release.lib : ioexp_tca6416.obj (.text.TCA6416_open)
                  70061c8a    0000003a                                                       : ioexp_tca6424.obj (.text.TCA6424_open)
                  70061cc4    0000003a     drivers.am263px.r5f.ti-arm-clang.nortos.release.lib : uart_v0_lld.obj (.text.UART_lld_flushTxFifo)
                  70061cfe    0000003a     nortos.am263px.r5f.ti-arm-clang.release.lib : printf.obj (.text.printf_)
                  70061d38    00000038     drivers.am263px.r5f.ti-arm-clang.nortos.release.lib : bootloader_soc.obj (.text.Bootloader_socTranslateSectionAddr)
                  70061d70    00000038     enet-cpsw.am263px.r5f.ti-arm-clang.nortos.release.lib : csl_cpsw_ale_9g_tblcfg.obj (.text.CSL_CPSW_getALEEntryType)
                  70061da8    00000038                                                           : csl_mdio.obj (.text.CSL_MDIO_phyRegRead2)
                  70061de0    00000038                                                           : cpsw_est.obj (.text.Cpsw_enableEst)
                  70061e18    00000038                                                           : enet_cpdmautils.obj (.text.EnetAppUtils_freeTxCh)
                  70061e50    00000038                                                           : enet_apputils.obj (.text.EnetAppUtils_print)
                  70061e88    00000038     ti_enet_open_close.obj (.text.EnetApp_driverInit)
                  70061ec0    00000038     ti_enet_open_close.obj (.text.EnetApp_postPollEvent)
                  70061ef8    00000038     enet-cpsw.am263px.r5f.ti-arm-clang.nortos.release.lib : enet_hostport.obj (.text.EnetHostPortDma_open)
                  70061f30    00000038                                                           : enetphy.obj (.text.EnetPhy_initState)
                  70061f68    00000038     ti_enet_soc.obj (.text.EnetSoC_mapApp2CpdmaCoreId)
                  70061fa0    00000038     enet-cpsw.am263px.r5f.ti-arm-clang.nortos.release.lib : enet_utils_dflt.obj (.text.EnetUtilsDflt_print)
                  70061fd8    00000038                                                           : enet_utils.obj (.text.EnetUtils_vprintf)
                  70062010    00000038     drivers.am263px.r5f.ti-arm-clang.nortos.release.lib : soc_rcm.obj (.text.SOC_rcmADPLLJGetFOut)
                  70062048    00000038     nortos.am263px.r5f.ti-arm-clang.release.lib : DebugP_nortos.obj (.text._DebugP_logZone)
[...]
7006569d  PhyPriv_getRegAccessApi                                                
700656a1  PowerClock_deinit                                                      
700656a5  TimerP_Params_init                                                     
700656a9  TimerP_clearOverflowInt                                                
700656ad  TimerP_getCount                                                        
700656b1  TimerP_getReloadCount                                                  
700656b5  TimerP_setup                                                           
700656b9  TimerP_start                                                           
700656bc  __aeabi_ldiv0                                                          
700656c0  __aeabi_memcpy                                                         
700656c0  __aeabi_memcpy4                                                        
700656c0  __aeabi_memcpy8                                                        
700656c4  _nop                                                                   
700656c8  fseek                                                                  
700656cc  remove                                                                 
70065701  HwiP_enableInt                                                         
70065729  HwiP_disableInt                                                        
7006575b  HwiP_restoreInt                                                        
700657b1  HwiP_clearInt                                                          
700657d1  HwiP_post                                                              
700657f9  HwiP_Params_init                                                       
7006580b  HwiP_construct                                                         
7006594f  HwiP_destruct                                                          
70065a21  HwiP_init                                                              
70065ae9  HwiP_inISR                                                             
70065b05  HwiP_setVimIrqPriMaskNonAtomic                                         
70065b2f  HwiP_setVimIrqPriMaskAtomic                                            
70065b83  HwiP_restoreVimIrqPriMask                                              
70065ba3  HwiP_irq_handler_c                                                     
70065c3f  HwiP_fiq_handler                                                       
70065cef  HwiP_reserved_handler                                                  
70065d1d  HwiP_undefined_handler_c                                               
70065d3b  HwiP_user_undefined_handler_c                                          
70065d4f  HwiP_svc_handler                                                       
70065d7d  HwiP_prefetch_abort_handler_c                                          
70065df7  HwiP_user_prefetch_abort_handler_c                                     
70065e07  HwiP_data_abort_handler_c                                              
70065e87  HwiP_user_data_abort_handler_c                                         
70065e98  HwiP_irq_handler                                                       
70065f0c  HwiP_data_abort_handler                                                
70065f50  HwiP_prefetch_abort_handler                                            
70065f9c  HwiP_undefined_handler                                                 
70065fcc  GET_DFSR                                                               
70065fd4  GET_ADFSR                                                              
70065fdc  GET_DFAR                                                               
70065fe4  GET_IFSR                                                               
70065fec  GET_AIFSR                                                              
70065ff4  GET_IFAR                                                               
70065ffc  GET_SPSR                                                               
70066014  HwiP_disable                                                           
70066024  HwiP_disableFIQ                                                        
70066034  HwiP_enable                                                            
70066044  HwiP_enableFIQ                                                         
70066054  HwiP_restore                                                           
7006605c  HwiP_enableVIC                                                         
7006606c  HwiP_disableVIC                                                        
7006607c  HwiP_getCPSR                                                           
70066090  CacheP_disableL1d                                                      
700660b8  CacheP_disableL1p                                                      
700660d0  CacheP_enableL1d                                                       
700660e8  CacheP_enableL1p                                                       
70066100  CacheP_invL1d                                                          
70066138  CacheP_invL1p                                                          
70066174  CacheP_invL1dAll                                                       
7006617c  CacheP_invL1pAll                                                       
70066184  CacheP_wb                                                              
700661c0  CacheP_wbInv                                                           
700661fc  CacheP_wbAll                                                           
700662a4  CacheP_wbInvAll                                                        
700662bc  CacheP_wbInvAllAsm                                                     
7006635c  CacheP_getEnabled                                                      
70066394  CacheP_getCacheLevelInfo                                               
700663a0  CacheP_configForceWrThru                                               
700663c0  CacheP_setDLFO                                                         
700663d1  CacheP_init                                                            
70066429  CacheP_disable                                                         
70066463  CacheP_enable                                                          
70066483  CacheP_inv                                                             
700664c1  MpuP_getAttrs                                                          
70066501  MpuP_RegionAttrs_init                                                  
7006650f  MpuP_setRegion                                                         
70066589  MpuP_isEnable                                                          
7006658d  MpuP_disable                                                           
700665bf  MpuP_enable                                                            
700665fb  MpuP_init                                                              
7006665d  MpuP_isUserAuthorizedToAccessMemory                                    
700666c4  MpuP_disableAsm                                                        
700666dc  MpuP_disableBRAsm                                                      
700666ec  MpuP_enableAsm                                                         
70066704  MpuP_enableBRAsm                                                       
70066714  MpuP_isEnableAsm                                                       
70066728  MpuP_setRegionAsm                                                      
70066750  _c_int00_sbl                                                           
70066774  _c_int00                                                               
70066895  _DebugP_assertNoLog                                                    
700668b3  _system_pre_init                                                       
700668cf  __mpu_init                                                             
700668e0  gEnetSoc_cpsw3g                                                        
700668e0  gUartDmaHandle                                                         
70068440  gEnetSoc_dmaObj                                                        
70069f24  __TI_ft_end                                                            
70069f28  gEnetSoc_cpsw3gMacObj                                                  
7006a2c8  gEnetCpswCfg                                                           
7006a948  gEnetPhyDrvDp83869                                                     
7006aa4c  gEnetPhyDrvGeneric                                                     
7006ac48  _ftable                                                                
7006b1ec  gFlashDevCfg_IS25LX256                                                 
7006b368  _device                                                                
7006b3e0  gAddrTranslateInfo                                                     
7006b450  gSIPC_InterruptConfig                                                  
7006b4b4  gUartParams                                                            
7006b55c  _stream                                                                
7006b5ac  gSIPC_HsmMboxConfig                                                    
7006b5fc  gSIPC_SecureHostMboxConfig                                             
7006b6cc  gSocModulesClockFrequency                                              
7006b708  gEnetSoc_cpsw3gSocCfg                                                  
7006b740  gFlashAttrs_IS25LX256                                                  
7006b778  gCoreBootInfo                                                          
7006b7a8  gEnetMacAddrPool                                                       
7006b808  gBootloaderConfig                                                      
7006b834  gFlashNorOspiFxns                                                      
7006b85c  gFlashToSpiProtocolMap                                                 
7006b880  gFlashConfig                                                           
7006b89c  gBootloaderFlashFxns                                                   
7006b8b4  gClockConfig                                                           
7006b8cc  gDmaCfg                                                                
7006b8fc  gI2cParams                                                             
7006b92c  gR5ss0MemInitDone                                                      
7006b930  gR5ss1MemInitDone                                                      
7006b934  gR5ss1PORDone                                                          
7006b938  gR5ss0Core1ImagePresent                                                
7006b93c  gR5ss1Core1ImagePresent                                                
7006b968  gResMemSection                                                         
7006b97c  gSocModules                                                            
7006b9a4  gEnetOsalHwiAllocCnt                                                   
7006b9a8  gEnetOsalHwiPeak                                                       
7006b9ac  gEnetOsalSemAllocCnt                                                   
7006b9b0  gEnetOsalSemPeak                                                       
7006b9b4  gBootloader0Args                                                       
7006b9c4  gEepromFxns_CAT24M                                                     
7006b9d4  gI2cConfig                                                             
7006b9e4  _lock                                                                  
7006b9e8  gAddrTranslateConfig                                                   
7006b9f4  gEepromAttrs_CAT24M                                                    
7006ba00  gEepromConfig                                                          
7006ba0c  gEnetSoc_perObj                                                        
7006ba18  __TI_cleanup_ptr                                                       
7006ba1c  __TI_dtors_ptr                                                         
7006ba20  gEdmaConfig                                                            
7006ba28  gEdmaParams                                                            
7006ba30  gEepromParams                                                          
7006ba38  gFlashParams                                                           
7006ba40  gOspiConfig                                                            
7006ba48  gSIPC_QueHsmToSecureHost                                               
7006ba50  gSIPC_QueSecureHostToHsm                                               
7006ba60  gUartConfig                                                            
7006ba68  operatingMode                                                          
7006ba78  _unlock                                                                
7006ba80  gBootloaderConfigNum                                                   
7006ba84  gDebugLogZone                                                          
7006ba88  gDebugP_uartDrvIndex                                                   
7006ba8c  gEdmaConfigNum                                                         
7006ba90  gEepromConfigNum                                                       
7006ba94  gFlashConfigNum                                                        
7006ba98  gHsmRtDownloadComplete                                                 
7006ba9c  gHsmrtLoadStatus                                                       
7006baa0  gHwiConfig                                                             
7006baa4  gI2cConfigNum                                                          
7006baac  gOspiConfigNum                                                         
7006bab0  gOspiDmaConfig                                                         
7006bab4  gOspiParams                                                            
7006babc  gUartConfigNum                                                         
7006bac0  gUartDmaChConfig                                                       
7006bac8  ptrMSSCtrlRegs                                                         
7006bacc  ptrTopCtrlRegs                                                         
7006baeb  gEnetTrace_runtimeLevel                                                
7006baec  isMapAvailable                                                         
7006baf8  gCacheConfig                                                           
7006bb00  gMpuConfig                                                             
7006bb0c  gMpuRegionConfig                                                       
7006c528  gMpuRegionSizeInBytes                                                  
7006cff8  gADPLLJConfigTbl                                                       
7006e8f8  I2C_defaultTransaction                                                 
70070c84  EnetSBL_MagicNum                                                       
70070c88  I2C_lld_defaultMessage                                                 
70070d30  gPeripheralClkSrcInfoMap                                               
70071af8  enetAppAddrInfo                                                        
70072278  gPLLFreqId2FOutMap                                                     
70072284  g_EnetApp_dmaChParams                                                  
70072570  gEnetPhyDrvTbl                                                         
70072634  gCacheL1dCacheLineSize                                                 
70072638  gCacheL1pCacheLineSize                                                 
70072680  __BSS_START                                                            
70086c60  gHwiCtrl                                                               
7008746c  gFlashObject_IS25LX256                                                 
70087480  gEnetSBL_MetaObj                                                       
70088330  virtToPhymap                                                           
70088c10  gEepromObject_CAT24M                                                   
70088d34  _CIOBUF_                                                               
70088d34  __CIOBUF_                                                              
70088e54  gProfileObj                                                            
70088f6c  gEnetUtilsObj                                                          
70089044  gEnetSBL_LLDObj                                                        
700891b4  __TI_tmpnams                                                           
700892d8  gSIPC_ctrl                                                             
7008931c  gOspiEdmaArgs                                                          
70089354  gHSMClient                                                             
70089438  gClockCtrl                                                             
70089458  parmbuf                                                                
70089460  gI2cHandle                                                             
70089468  gEdmaHandle                                                            
7008946c  gEepromHandle                                                          
70089470  gFlashFileSize                                                         
70089474  gFlashHandle                                                           
70089478  gOspiHandle                                                            
7008947c  gUartHandle                                                            
70089480  __BSS_END                                                              
70089480  _sys_memory                                                            
70091480  __stack                                                                
70095480  __IRQ_STACK_START                                                      
70095480  __STACK_END                                                            
70096480  __FIQ_STACK_START                                                      
70096480  __IRQ_STACK_END                                                        
70096580  __FIQ_STACK_END                                                        
70096580  __SVC_STACK_START                                                      
70097580  __ABORT_STACK_START                                                    
70097580  __SVC_STACK_END                                                        
70097680  __ABORT_STACK_END                                                      
70097680  __UNDEFINED_STACK_START                                                
70097780  __UNDEFINED_STACK_END                                                  
70101000  gFlashFileBuf                                                          
7023d000  gFlashVerifyBuf                                                        
80080000  __TI_SBL_FLASH_BOOTINFO_SECTOR_START                                   
ffffffff  __TI_pprof_out_hndl                                                    
ffffffff  __TI_prof_data_size                                                    
ffffffff  __TI_prof_data_start                                                   
ffffffff  __binit__                                                              
ffffffff  binit                                                                  
UNDEFED   __TI_CINIT_Base                                                        
UNDEFED   __TI_CINIT_Limit                                                       
UNDEFED   __TI_Handler_Table_Base                                                
UNDEFED   __TI_Handler_Table_Limit                                               
UNDEFED   _system_post_cinit                                                     

[1180 symbols]
