******************************************************************************
            TI ARM Clang Linker Unix v4.0.4                    
******************************************************************************
>> Linked Fri Dec 26 20:55:21 2025

OUTPUT FILE NAME:   <sbl_ospi_swap.release.out>
ENTRY POINT SYMBOL: "_vectors"  address: 00000000


MEMORY CONFIGURATION

         name            origin    length      used     unused   attr    fill
----------------------  --------  ---------  --------  --------  ----  --------
  R5F_VECS              00000000   00000100  00000040  000000c0  RWIX
  R5F_TCMA              00000100   00007f00  00000000  00007f00  RWIX
  R5F_TCMB0             00080000   00008000  00000000  00008000  RWIX
  MAILBOX_HSM           44000000   000003ce  00000340  0000008e  RWIX
  MAILBOX_R5F           44000400   000003ce  00000340  0000008e  RWIX
  FLASH_BOOTINFO_SECTOR 60080000   00001000  00000000  00001000  RWIX
  MSRAM_VECS            70002000   00000100  00000040  000000c0  RWIX
  MSRAM_0               70002100   0003ff00  00028cb8  00017248  RWIX
  MSRAM_HSMRT           70042000   00040000  0000a6e4  0003591c  RWIX
  BOOT_SECTOR_INFO      80080000   00001000  00000000  00001000  RWIX


SEGMENT ALLOCATION MAP

run origin  load origin   length   init length attrs members
----------  ----------- ---------- ----------- ----- -------
00000000    70002000    00000040   00000040    r-x
  00000000    70002000    00000040   00000040    r-x .sbl_init_code
70002100    70002100    0000fba0   0000fba0    r-x
  70002100    70002100    0000e9c0   0000e9c0    r-x .text
  70010ac0    70010ac0    00000990   00000990    r-x .text.hwi
  70011450    70011450    00000430   00000430    r-x .text.cache
  70011880    70011880    00000290   00000290    r-x .text.mpu
  70011b10    70011b10    00000190   00000190    r-x .text.boot
70011ca0    70011ca0    000009b0   000009b0    rw-
  70011ca0    70011ca0    000009b0   000009b0    rw- .data
70012650    70012650    00001568   00001568    r--
  70012650    70012650    00001568   00001568    r-- .rodata
70013c00    70013c00    00017200   00000000    rw-
  70013c00    70013c00    00010f00   00000000    rw- .bss
  70024b00    70024b00    00002000   00000000    rw- .stack
  70026b00    70026b00    00002000   00000000    rw- .sysmem
  70028b00    70028b00    00001000   00000000    rw- .irqstack
  70029b00    70029b00    00000100   00000000    rw- .fiqstack
  70029c00    70029c00    00001000   00000000    rw- .svcstack
  7002ac00    7002ac00    00000100   00000000    rw- .abortstack
  7002ad00    7002ad00    00000100   00000000    rw- .undefinedstack
70042000    70042000    0000a6e4   0000a6e4    r--
  70042000    70042000    0000a6e4   0000a6e4    r-- .rodata.hsmrt


SECTION ALLOCATION MAP

 output                                  attributes/
section   page    origin      length       input sections
--------  ----  ----------  ----------   ----------------
.bss.sipc_hsm_queue_mem 
*          0    44000000    00000340     NOLOAD SECTION
                  44000000    00000340     ti_drivers_config.obj (.bss.sipc_hsm_queue_mem)

.bss.sipc_secure_host_queue_mem 
*          0    44000400    00000340     NOLOAD SECTION
                  44000400    00000340     ti_drivers_config.obj (.bss.sipc_secure_host_queue_mem)

.sbl_init_code 
*          0    70002000    00000040     RUN ADDR = 00000000
                  70002000    00000040     nortos.am263px.r5f.ti-arm-clang.release.lib : HwiP_armv7r_vectors_nortos_asm.obj (.vectors)

.text      0    70002100    0000e9c0     
                  70002100    000006ea     drivers.am263px.r5f.ti-arm-clang.nortos.release.lib : ospi_phy_am26x_lld.obj (.text.OSPI_lld_phyFindOTP1)
                  700027ea    00000002     ti_dpl_config.obj (.text.Dpl_deinit)
                  700027ec    00000694     drivers.am263px.r5f.ti-arm-clang.nortos.release.lib : bootloader.obj (.text.Bootloader_parseAndLoadMultiCoreELF)
                  70002e80    0000060e     board.am263px.r5f.ti-arm-clang.nortos.release.lib : flash_nor_ospi.obj (.text.Flash_norOspiOpen)
                  7000348e    00000002     drivers.am263px.r5f.ti-arm-clang.nortos.release.lib : bootloader_flash.obj (.text.Flash_imgClose)
                  70003490    00000580     nortos.am263px.r5f.ti-arm-clang.release.lib : printf.obj (.text._vsnprintf)
                  70003a10    000004cc     drivers.am263px.r5f.ti-arm-clang.nortos.release.lib : soc_rcm.obj (.text.SOC_rcmEnablePeripheralClock)
                  70003edc    00000466     main.obj (.text.main)
                  70004342    00000444     drivers.am263px.r5f.ti-arm-clang.nortos.release.lib : i2c_v1_lld.obj (.text.I2C_lld_primeTransferPoll)
                  70004786    00000002     nortos.am263px.r5f.ti-arm-clang.release.lib : SemaphoreP_nortos.obj (.text.SemaphoreP_destruct)
                  70004788    00000400                                                 : printf.obj (.text._ftoa)
                  70004b88    00000018     ti_board_open_close.obj (.text.Board_eepromClose)
                  70004ba0    00000390     libc.a : strcmp32.S.obj (.text:strcmp)
                  70004f30    00000342     board.am263px.r5f.ti-arm-clang.nortos.release.lib : flash_nor_ospi.obj (.text.Flash_setQeBit)
                  70005272    00000006     drivers.am263px.r5f.ti-arm-clang.nortos.release.lib : edma.obj (.text.EDMA_isInterruptEnabled)
                  70005278    00000310     nortos.am263px.r5f.ti-arm-clang.release.lib : printf.obj (.text._etoa)
                  70005588    000002a0     drivers.am263px.r5f.ti-arm-clang.nortos.release.lib : uart_v0.obj (.text.UART_open)
                  70005828    0000027c                                                         : edma.obj (.text.EDMA_init)
                  70005aa4    00000264                                                         : soc_rcm.obj (.text.SOC_rcmSetPeripheralClock)
                  70005d08    0000023c                                                         : ospi_v0.obj (.text.OSPI_open)
                  70005f44    0000023c                                                         : uart_v0_lld.obj (.text.UART_configInstance)
                  70006180    0000022a     security.am263px.r5f.ti-arm-clang.nortos.release.lib : sipc_notify_src.obj (.text.SIPC_init)
                  700063aa    00000002     nortos.am263px.r5f.ti-arm-clang.release.lib : TaskP_nortos.obj (.text.TaskP_yield)
                  700063ac    0000020c     drivers.am263px.r5f.ti-arm-clang.nortos.release.lib : i2c_v1.obj (.text.I2C_open)
                  700065b8    00000204                                                         : edma.obj (.text.EDMA_freeChannelRegion)
                  700067bc    000001f0                                                         : edma.obj (.text.EDMA_errorIsrFxn)
                  700069ac    000001e4                                                         : ospi_edma_lld.obj (.text.OSPI_dmaCopy)
                  70006b90    000001cc                                                         : soc_rcm.obj (.text.SOC_rcmPerApllConfig)
                  70006d5c    000001ae                                                         : i2c_v1_lld.obj (.text.I2C_lld_controllerIsr)
                  70006f0a    00000002                                                         : uart_dma_edma.obj (.text.UART_edmaDoNothing)
                  70006f0c    000001a8     libc.a : memory.c.obj (.text.free)
                  700070b4    000001a4            : memory.c.obj (.text.aligned_alloc)
                  70007258    00000194     drivers.am263px.r5f.ti-arm-clang.nortos.release.lib : uart_dma_edma.obj (.text.UART_lld_dmaInit)
                  700073ec    00000190                                                         : ospi_v0_lld.obj (.text.OSPI_programInstance)
                  7000757c    00000186     security.am263px.r5f.ti-arm-clang.nortos.release.lib : hsmclient.obj (.text.HsmClient_procAuthBootFinish)
                  70007702    00000180     drivers.am263px.r5f.ti-arm-clang.nortos.release.lib : i2c_v1.obj (.text.I2C_transfer)
                  70007882    00000002     nortos.am263px.r5f.ti-arm-clang.release.lib : printf.obj (.text._out_null)
                  70007884    0000017c     drivers.am263px.r5f.ti-arm-clang.nortos.release.lib : soc.obj (.text.SOC_phyToVirt)
                  70007a00    00000168                                                         : i2c_v1_lld.obj (.text.I2C_lld_targetIsr)
                  70007b68    00000164                                                         : edma.obj (.text.EDMA_open)
                  70007ccc    00000160                                                         : edma.obj (.text.EDMA_deinit)
                  70007e2c    0000015a     security.am263px.r5f.ti-arm-clang.nortos.release.lib : sipc_notify_src.obj (.text.SIPC_isr)
                  70007f86    00000002     --HOLE-- [fill = 0]
                  70007f88    00000150     drivers.am263px.r5f.ti-arm-clang.nortos.release.lib : ospi_edma_lld.obj (.text.OSPI_dmaOpen)
                  700080d8    0000014e                                                         : uart_dma_edma.obj (.text.UART_lld_dmaDeInit)
                  70008226    0000014a                                                         : uart_v0_lld.obj (.text.UART_lld_controllerIsr)
                  70008370    00000148                                                         : soc_rcm.obj (.text.SOC_rcmCoreApllHSDivConfig)
                  700084b8    00000144     libc.a : setvbuf.c.obj (.text.setvbuf)
                  700085fc    00000140     nortos.am263px.r5f.ti-arm-clang.release.lib : TimerP_rti_priv.obj (.text.TimerP_setupPriv)
                  7000873c    00000004     drivers.am263px.r5f.ti-arm-clang.nortos.release.lib : bootloader_soc.obj (.text.Bootloader_socCpuRelease)
                  70008740    0000013c                                                         : bootloader_profile.obj (.text.Bootloader_profilePrintProfileLog)
                  7000887c    0000013c                                                         : soc.obj (.text.SOC_virtToPhy)
                  700089b8    00000138                                                         : uart_v0.obj (.text.UART_close)
                  70008af0    00000132     nortos.am263px.r5f.ti-arm-clang.release.lib : printf.obj (.text._ntoa_format)
                  70008c22    0000012c     security.am263px.r5f.ti-arm-clang.nortos.release.lib : hsmclient.obj (.text.HsmClient_configOTFARegions)
                  70008d4e    0000012c                                                          : hsmclient_loadhsmrt.obj (.text.Hsmclient_loadHSMRtFirmware)
                  70008e7a    0000011e     board.am263px.r5f.ti-arm-clang.nortos.release.lib : flash_nor_ospi.obj (.text.Flash_norOspiReset)
                  70008f98    0000011e     security.am263px.r5f.ti-arm-clang.nortos.release.lib : hsmclient.obj (.text.HsmClient_EnqueueAndSendMsg)
                  700090b6    00000002     --HOLE-- [fill = 0]
                  700090b8    00000118     drivers.am263px.r5f.ti-arm-clang.nortos.release.lib : edma.obj (.text.Alloc_resource)
                  700091d0    00000118     libclang_rt.builtins.a : udivmoddi4.S.obj (.text)
                  700092e8    00000114     drivers.am263px.r5f.ti-arm-clang.nortos.release.lib : soc_rcm.obj (.text.SOC_rcmCoreApllConfig)
                  700093fc    00000114                                                         : soc_rcm.obj (.text.SOC_rcmGetPeripheralClockFrequency)
                  70009510    0000010e                                                         : ospi_v0_lld.obj (.text.OSPI_lld_isr)
                  7000961e    0000010e                                                         : uart_v0_lld.obj (.text.UART_lld_write)
                  7000972c    00000108                                                         : edma.obj (.text.EDMA_transferCompletionMasterIsrFxn)
                  70009834    00000104     nortos.am263px.r5f.ti-arm-clang.release.lib : ClockP_nortos_r5.obj (.text.ClockP_init)
                  70009938    00000104     drivers.am263px.r5f.ti-arm-clang.nortos.release.lib : uart_dma_edma.obj (.text.UART_lld_dmaWrite)
                  70009a3c    00000102     board.am263px.r5f.ti-arm-clang.nortos.release.lib : flash_nor_ospi.obj (.text.Flash_norOspiPhyTune)
                  70009b3e    00000102     security.am263px.r5f.ti-arm-clang.nortos.release.lib : sipc_notify_src.obj (.text.SIPC_sendMsg)
                  70009c40    000000fc     drivers.am263px.r5f.ti-arm-clang.nortos.release.lib : uart_v0.obj (.text.UART_write)
                  70009d3c    000000f8                                                         : ospi_v0_lld.obj (.text.OSPI_lld_readCmd)
                  70009e34    000000f8                                                         : ospi_v0_lld.obj (.text.OSPI_lld_writeIndirect)
                  70009f2c    000000f6                                                         : ospi_v0_lld.obj (.text.OSPI_lld_readDirectDma)
                  7000a022    000000f2     board.am263px.r5f.ti-arm-clang.nortos.release.lib : eeprom_cat24m.obj (.text.EEPROM_CAT24M_write)
                  7000a114    000000f0     libc.a : fputc.c.obj (.text.fputc)
                  7000a204    000000ec     drivers.am263px.r5f.ti-arm-clang.nortos.release.lib : ospi_v0_lld.obj (.text.OSPI_lld_setProtocol)
                  7000a2f0    000000e6                                                         : i2c_v1.obj (.text.I2C_primeTransfer)
                  7000a3d6    000000e2     security.am263px.r5f.ti-arm-clang.nortos.release.lib : hsmclient.obj (.text.HsmClient_SendAndRecv)
                  7000a4b8    000000de     drivers.am263px.r5f.ti-arm-clang.nortos.release.lib : ospi_v0_lld.obj (.text.OSPI_lld_writeCmd)
                  7000a596    00000002     --HOLE-- [fill = 0]
                  7000a598    000000d0                                                         : edma.obj (.text.EDMA_unregisterIntr)
                  7000a668    000000ce     board.am263px.r5f.ti-arm-clang.nortos.release.lib : flash_nor_ospi.obj (.text.Flash_norOspiWaitReady)
                  7000a736    00000002     --HOLE-- [fill = 0]
                  7000a738    000000cc     drivers.am263px.r5f.ti-arm-clang.nortos.release.lib : uart_v0_lld.obj (.text.UART_lld_initDma)
                  7000a804    000000c8     libc.a : getdevice.c.obj (.text.getdevice)
                  7000a8cc    000000c6     board.am263px.r5f.ti-arm-clang.nortos.release.lib : flash_nor_ospi.obj (.text.Flash_norOspiWrite)
                  7000a992    000000c6                                                       : flash_nor_ospi.obj (.text.Flash_setOeBit)
                  7000aa58    000000c4                                                       : flash_nor_ospi.obj (.text.Flash_norOspiReadId)
                  7000ab1c    000000c4     drivers.am263px.r5f.ti-arm-clang.nortos.release.lib : i2c_v1_lld.obj (.text.I2C_lld_mem_write)
                  7000abe0    000000c4                                                         : i2c_v1_lld.obj (.text.I2C_lld_primeTransferIntr)
                  7000aca4    000000c4                                                         : uart_v0_lld.obj (.text.UART_lld_init)
                  7000ad68    000000c0                                                         : i2c_v1_lld.obj (.text.I2C_lld_mem_read)
                  7000ae28    000000c0     board.am263px.r5f.ti-arm-clang.nortos.release.lib : ioexp_tca6416.obj (.text.TCA6416_setOutput)
                  7000aee8    000000be                                                       : ioexp_tca6416.obj (.text.TCA6416_config)
                  7000afa6    000000be                                                       : ioexp_tca6424.obj (.text.TCA6424_config)
                  7000b064    000000be                                                       : ioexp_tca6424.obj (.text.TCA6424_setOutput)
                  7000b122    00000002     --HOLE-- [fill = 0]
                  7000b124    000000bc     drivers.am263px.r5f.ti-arm-clang.nortos.release.lib : edma.obj (.text.EDMA_registerIntr)
                  7000b1e0    000000bc     security.am263px.r5f.ti-arm-clang.nortos.release.lib : hsmclient.obj (.text.HsmClient_procAuthBootStart)
                  7000b29c    000000b6     board.am263px.r5f.ti-arm-clang.nortos.release.lib : flash_nor_ospi.obj (.text.Flash_norOspiErase)
                  7000b352    000000b6                                                       : flash_nor_ospi.obj (.text.Flash_norOspiEraseSector)
                  7000b408    000000b4     libc.a : fseek.c.obj (.text.fseeko)
                  7000b4bc    000000b0            : fclose.c.obj (.text.__TI_closefile)
                  7000b56c    000000b0     nortos.am263px.r5f.ti-arm-clang.release.lib : printf.obj (.text._ntoa_long_long)
                  7000b61c    000000ac     drivers.am263px.r5f.ti-arm-clang.nortos.release.lib : soc_rcm.obj (.text.SOC_rcmGetCoreHSDivOut)
                  7000b6c8    000000ac                                                         : uart_v0_lld.obj (.text.UART_divisorLatchWrite)
                  7000b774    000000a6     nortos.am263px.r5f.ti-arm-clang.release.lib : printf.obj (.text._out_rev)
                  7000b81a    00000002     --HOLE-- [fill = 0]
                  7000b81c    000000a4     drivers.am263px.r5f.ti-arm-clang.nortos.release.lib : i2c_v1_lld.obj (.text.I2C_lld_mem_readIntr)
                  7000b8c0    000000a4                                                         : i2c_v1_lld.obj (.text.I2C_lld_mem_writeIntr)
                  7000b964    000000a4                                                         : ospi_v0_lld.obj (.text.OSPI_lld_initDma)
                  7000ba08    000000a4     libc.a : memory.c.obj (.text.split)
                  7000baac    000000a0     drivers.am263px.r5f.ti-arm-clang.nortos.release.lib : bootloader_hsmRt_load.obj (.text.Bootloader_socLoadHsmRtFw)
                  7000bb4c    000000a0                                                         : edma.obj (.text.EDMA_freeDmaChannel)
                  7000bbec    000000a0                                                         : edma.obj (.text.EDMA_freeParam)
                  7000bc8c    000000a0                                                         : edma.obj (.text.EDMA_freeTcc)
                  7000bd2c    000000a0     libsysbm.a : hostrename.c.obj (.text.HOSTrename)
                  7000bdcc    000000a0     drivers.am263px.r5f.ti-arm-clang.nortos.release.lib : i2c_v1.obj (.text.I2C_close)
                  7000be6c    000000a0                                                         : uart_dma_edma.obj (.text.UART_lld_dmaRead)
                  7000bf0c    000000a0     ti_board_config.obj (.text.board_flash_reset)
                  7000bfac    0000009e     drivers.am263px.r5f.ti-arm-clang.nortos.release.lib : bootloader.obj (.text.Bootloader_getMsgLen)
                  7000c04a    0000009e     nortos.am263px.r5f.ti-arm-clang.release.lib : SemaphoreP_nortos.obj (.text.SemaphoreP_pend)
                  7000c0e8    0000009c     drivers.am263px.r5f.ti-arm-clang.nortos.release.lib : bootloader.obj (.text.Bootloader_getOTFAConfigFromNoteSegment)
                  7000c184    0000009c                                                         : bootloader_soc.obj (.text.Bootloader_socCpuPowerOnReset)
                  7000c220    0000009c                                                         : soc_rcm.obj (.text.SOC_rcmsetR5SysClock)
                  7000c2bc    0000009c     libc.a : _io_perm.c.obj (.text.__TI_wrt_ok)
                  7000c358    0000009a     ti_drivers_config.obj (.text.HsmClient_config)
                  7000c3f2    00000002     --HOLE-- [fill = 0]
                  7000c3f4    00000098     libsysbm.a : hostlseek.c.obj (.text.HOSTlseek)
                  7000c48c    00000096     security.am263px.r5f.ti-arm-clang.nortos.release.lib : hsmclient.obj (.text.HsmClient_isr)
                  7000c522    00000094     drivers.am263px.r5f.ti-arm-clang.nortos.release.lib : edma.obj (.text.EDMA_configureChannelRegion)
                  7000c5b6    00000002     --HOLE-- [fill = 0]
                  7000c5b8    00000094     libsysbm.a : hostopen.c.obj (.text.HOSTopen)
                  7000c64c    00000094     drivers.am263px.r5f.ti-arm-clang.nortos.release.lib : i2c_v1_lld.obj (.text.I2C_lld_init)
                  7000c6e0    00000094                                                         : ospi_v0_lld.obj (.text.OSPI_flashExecCmd)
                  7000c774    0000008e     nortos.am263px.r5f.ti-arm-clang.release.lib : printf.obj (.text._ntoa_long)
                  7000c802    00000002     --HOLE-- [fill = 0]
                  7000c804    0000008c     drivers.am263px.r5f.ti-arm-clang.nortos.release.lib : ospi_v0_lld.obj (.text.OSPI_lld_init)
                  7000c890    0000008c     libsysbm.a : close.c.obj (.text.close)
                  7000c91c    0000008a     drivers.am263px.r5f.ti-arm-clang.nortos.release.lib : ospi_edma_lld.obj (.text.OSPI_dmaClose)
                  7000c9a6    00000002     --HOLE-- [fill = 0]
                  7000c9a8    00000088                                                         : uart_v0.obj (.text.UART_init)
                  7000ca30    00000088     libc.a : fflush.c.obj (.text.__TI_doflush)
                  7000cab8    00000084     libsysbm.a : hostread.c.obj (.text.HOSTread)
                  7000cb3c    00000084                : hostwrite.c.obj (.text.HOSTwrite)
                  7000cbc0    00000080     drivers.am263px.r5f.ti-arm-clang.nortos.release.lib : edma.obj (.text.EDMA_close)
                  7000cc40    00000080     board.am263px.r5f.ti-arm-clang.nortos.release.lib : flash_nor_ospi.obj (.text.Flash_norOspiRegWrite)
                  7000ccc0    00000080     drivers.am263px.r5f.ti-arm-clang.nortos.release.lib : ospi_v0.obj (.text.OSPI_readDirect)
                  7000cd40    00000080                                                         : uart_v0.obj (.text.UART_flushTxFifo)
                  7000cdc0    0000007e     security.am263px.r5f.ti-arm-clang.nortos.release.lib : hsmclient.obj (.text.HsmClient_procAuthBootUpdate)
                  7000ce3e    0000007c     ti_drivers_open_close.obj (.text.Drivers_i2cOpen)
                  7000ceba    00000002     --HOLE-- [fill = 0]
                  7000cebc    00000078     drivers.am263px.r5f.ti-arm-clang.nortos.release.lib : ospi_v0.obj (.text.OSPI_init)
                  7000cf34    00000072     board.am263px.r5f.ti-arm-clang.nortos.release.lib : eeprom_cat24m.obj (.text.EEPROM_CAT24M_read)
                  7000cfa6    00000072     drivers.am263px.r5f.ti-arm-clang.nortos.release.lib : i2c_v1_lld.obj (.text.I2C_lld_targetTransferIntr)
                  7000d018    00000070     ti_board_open_close.obj (.text.Board_flashOpen)
                  7000d088    00000070     board.am263px.r5f.ti-arm-clang.nortos.release.lib : flash.obj (.text.Flash_offsetToSectorPage)
                  7000d0f8    0000006e     drivers.am263px.r5f.ti-arm-clang.nortos.release.lib : edma.obj (.text.EDMA_disableTransferRegion)
                  7000d166    0000006e                                                         : edma.obj (.text.EDMA_enableTransferRegion)
                  7000d1d4    0000006c     ti_drivers_open_close.obj (.text.Drivers_close)
                  7000d240    0000006c     libsysbm.a : hostunlink.c.obj (.text.HOSTunlink)
                  7000d2ac    0000006c     drivers.am263px.r5f.ti-arm-clang.nortos.release.lib : ospi_phy_am26x_lld.obj (.text.OSPI_lld_phyResyncDLL)
                  7000d318    0000006c                                                         : uart_v0_lld.obj (.text.UART_lld_writeDma)
                  7000d384    0000006a     board.am263px.r5f.ti-arm-clang.nortos.release.lib : flash_nor_ospi.obj (.text.Flash_norOspiSetModeDummy)
                  7000d3ee    00000068                                                       : flash_nor_ospi.obj (.text.Flash_norOspiSetRegCfg)
                  7000d456    00000068     drivers.am263px.r5f.ti-arm-clang.nortos.release.lib : uart_v0_lld.obj (.text.UART_lld_writeIntr)
                  7000d4be    00000066     board.am263px.r5f.ti-arm-clang.nortos.release.lib : flash_nor_ospi.obj (.text.Flash_norOspiRegRead)
                  7000d524    00000066     nortos.am263px.r5f.ti-arm-clang.release.lib : PmuP_armv7r.obj (.text.pmu)
                  7000d58a    00000002     --HOLE-- [fill = 0]
                  7000d58c    00000064     drivers.am263px.r5f.ti-arm-clang.nortos.release.lib : soc.obj (.text.SOC_controlModuleUnlockMMR)
                  7000d5f0    00000064                                                         : soc_rcm.obj (.text.SOC_rcmStartMemInitTCMA)
                  7000d654    00000064                                                         : soc_rcm.obj (.text.SOC_rcmStartMemInitTCMB)
                  7000d6b8    00000064                                                         : uart_v0_lld.obj (.text.UART_procLineStatusErr)
                  7000d71c    00000062     security.am263px.r5f.ti-arm-clang.nortos.release.lib : hsmclient.obj (.text.HsmClient_register)
                  7000d77e    00000002     --HOLE-- [fill = 0]
                  7000d780    00000060     libsysbm.a : hostclose.c.obj (.text.HOSTclose)
                  7000d7e0    00000060     drivers.am263px.r5f.ti-arm-clang.nortos.release.lib : ospi_phy_am26x_lld.obj (.text.OSPI_lld_phyBasicConfig)
                  7000d840    00000060                                                         : soc_rcm.obj (.text.SOC_rcmMemInitL2Memory)
                  7000d8a0    00000060                                                         : soc_rcm.obj (.text.SOC_rcmR5ConfigDualCore)
                  7000d900    00000060                                                         : soc_rcm.obj (.text.SOC_rcmWaitMemInitTCMA)
                  7000d960    00000060                                                         : soc_rcm.obj (.text.SOC_rcmWaitMemInitTCMB)
                  7000d9c0    0000005e     nortos.am263px.r5f.ti-arm-clang.release.lib : ClockP_nortos.obj (.text.ClockP_timerTickIsr)
                  7000da1e    0000005e     ti_board_config.obj (.text.TCA6424_Flash_reset)
                  7000da7c    0000005c     drivers.am263px.r5f.ti-arm-clang.nortos.release.lib : bootloader_soc.obj (.text.Bootloader_socSetAutoClock)
                  7000dad8    0000005c                                                         : soc.obj (.text.SOC_controlModuleLockMMR)
                  7000db34    0000005c     nortos.am263px.r5f.ti-arm-clang.release.lib : DebugP_log.obj (.text._DebugP_assert)
                  7000db90    0000005a     drivers.am263px.r5f.ti-arm-clang.nortos.release.lib : ospi_v0_lld.obj (.text.OSPI_lld_setXferOpCodes)
                  7000dbea    00000058     ti_board_open_close.obj (.text.Board_eepromOpen)
                  7000dc42    00000002     --HOLE-- [fill = 0]
                  7000dc44    00000058     drivers.am263px.r5f.ti-arm-clang.nortos.release.lib : bootloader.obj (.text.Bootloader_parseNoteSegment)
                  7000dc9c    00000058                                                         : bootloader.obj (.text.Bootloader_runCpu)
                  7000dcf4    00000058     ti_clocktree_pll_config.obj (.text.Bootloader_socConfigurePll)
                  7000dd4c    00000058     drivers.am263px.r5f.ti-arm-clang.nortos.release.lib : fss_v0.obj (.text.FSS_configECCMRegion)
                  7000dda4    00000058     ti_board_config.obj (.text.TCA6416_Flash_reset)
                  7000ddfc    00000058     libc.a : fopen.c.obj (.text.__TI_cleanup)
                  7000de54    00000058     libsysbm.a : trgmsg.c.obj (.text.__TI_readmsg)
                  7000deac    00000058                : trgmsg.c.obj (.text.__TI_writemsg)
                  7000df04    00000056     nortos.am263px.r5f.ti-arm-clang.release.lib : ClockP_nortos.obj (.text.ClockP_getTimeUsec)
                  7000df5a    00000056     drivers.am263px.r5f.ti-arm-clang.nortos.release.lib : uart_v0_lld.obj (.text.UART_intrDisable)
                  7000dfb0    00000056                                                         : uart_v0_lld.obj (.text.UART_writeCancelNoCB)
                  7000e006    00000054     board.am263px.r5f.ti-arm-clang.nortos.release.lib : flash_nor_ospi.obj (.text.Flash_norOspiRead)
                  7000e05a    00000002     --HOLE-- [fill = 0]
                  7000e05c    00000054     libc.a : exit.c.obj (.text.exit)
                  7000e0b0    00000054            : getdevice.c.obj (.text.finddevice)
                  7000e104    00000054            : autoinit.c.obj (.text:__TI_auto_init_nobinit_nopinit)
                  7000e158    00000052     nortos.am263px.r5f.ti-arm-clang.release.lib : AddrTranslateP_32bit.obj (.text.AddrTranslateP_getLocalAddr)
                  7000e1aa    00000052     security.am263px.r5f.ti-arm-clang.nortos.release.lib : hsmclient.obj (.text.HsmClient_checkAndWaitForBootNotification)
                  7000e1fc    00000052     drivers.am263px.r5f.ti-arm-clang.nortos.release.lib : ospi_v0_lld.obj (.text.OSPI_lld_flashMemcpy)
                  7000e24e    00000002     --HOLE-- [fill = 0]
                  7000e250    00000050                                                         : edma.obj (.text.EDMA_allocDmaChannel)
                  7000e2a0    00000050                                                         : edma.obj (.text.EDMA_allocParam)
                  7000e2f0    00000050                                                         : edma.obj (.text.EDMA_allocTcc)
                  7000e340    00000050                                                         : soc_rcm.obj (.text.SBL_rcmIsDualCoreSwitchSupported)
                  7000e390    0000004e     nortos.am263px.r5f.ti-arm-clang.release.lib : ClockP_nortos.obj (.text.ClockP_addToList)
                  7000e3de    0000004e     ti_drivers_open_close.obj (.text.Drivers_uartOpen)
                  7000e42c    0000004e     drivers.am263px.r5f.ti-arm-clang.nortos.release.lib : edma.obj (.text.EDMA_disableChInShadowRegRegion)
                  7000e47a    0000004e     board.am263px.r5f.ti-arm-clang.nortos.release.lib : flash_nor_ospi.obj (.text.Flash_norOspiSetRdDataCaptureDelay)
                  7000e4c8    0000004c     drivers.am263px.r5f.ti-arm-clang.nortos.release.lib : bootloader_soc.obj (.text.Bootloader_socCpuGetClock)
                  7000e514    0000004c     ti_drivers_open_close.obj (.text.Drivers_edmaOpen)
                  7000e560    0000004c     ti_drivers_open_close.obj (.text.Drivers_ospiOpen)
                  7000e5ac    0000004c     drivers.am263px.r5f.ti-arm-clang.nortos.release.lib : bootloader_flash.obj (.text.Flash_imgRead)
                  7000e5f8    0000004c                                                         : i2c_v1.obj (.text.I2C_LLD_targetTransferCompleteCallback)
                  7000e644    0000004c                                                         : ospi_v0.obj (.text.OSPI_close)
                  7000e690    0000004c                                                         : ospi_v0_lld.obj (.text.OSPI_lld_deInit)
                  7000e6dc    0000004c                                                         : soc_rcm.obj (.text.SOC_rcmCoreR5FUnhalt)
                  7000e728    00000048                                                         : ospi_v0_lld.obj (.text.OSPI_lld_deInitDma)
                  7000e770    00000048                                                         : ospi_phy_am26x_lld.obj (.text.OSPI_lld_phyFindTxHigh)
                  7000e7b8    00000048                                                         : ospi_phy_am26x_lld.obj (.text.OSPI_lld_phyFindTxLow)
                  7000e800    00000048                                                         : uart_dma_edma.obj (.text.UART_edmaIsrRx)
                  7000e848    00000048     libsysbm.a : unlink.c.obj (.text.unlink)
                  7000e890    00000046     drivers.am263px.r5f.ti-arm-clang.nortos.release.lib : ospi_phy_am26x_lld.obj (.text.OSPI_lld_phyFindRxHigh)
                  7000e8d6    00000046                                                         : ospi_phy_am26x_lld.obj (.text.OSPI_lld_phyFindRxLow)
                  7000e91c    00000046                                                         : ospi_phy_am26x_lld.obj (.text.OSPI_lld_phySetRdDelayTxRxDLL)
                  7000e962    00000046                                                         : uart_dma_edma.obj (.text.UART_edmaIsrTx)
                  7000e9a8    00000044                                                         : ospi_v0.obj (.text.OSPI_writeIndirect)
                  7000e9ec    00000044                                                         : uart_v0.obj (.text.UART_Params_init)
                  7000ea30    00000044                                                         : uart_v0_lld.obj (.text.UART_lld_deInitDma)
                  7000ea74    00000042     board.am263px.r5f.ti-arm-clang.nortos.release.lib : flash_nor_ospi.obj (.text.Flash_quirkSpansionUNHYSADisable)
                  7000eab6    00000042     drivers.am263px.r5f.ti-arm-clang.nortos.release.lib : ospi_v0_lld.obj (.text.OSPI_lld_enablePhy)
                  7000eaf8    00000040                                                         : bootloader.obj (.text.Bootloader_findSeq)
                  7000eb38    00000040                                                         : bootloader.obj (.text.Bootloader_open)
                  7000eb78    00000040                                                         : bootloader_soc.obj (.text.Bootloader_socMemInitCpu)
                  7000ebb8    00000040                                                         : bootloader.obj (.text.Bootloader_verifySegmentAddr)
                  7000ebf8    00000040     nortos.am263px.r5f.ti-arm-clang.release.lib : ClockP_nortos.obj (.text.ClockP_stop)
                  7000ec38    00000040     ti_dpl_config.obj (.text.Dpl_init)
                  7000ec78    00000040     drivers.am263px.r5f.ti-arm-clang.nortos.release.lib : edma.obj (.text.EDMA_mapChToEvtQ)
                  7000ecb8    00000040                                                         : ospi_phy_am26x_lld.obj (.text.OSPI_lld_phyReadAttackVector)
                  7000ecf8    00000040                                                         : pinmux.obj (.text.Pinmux_config)
                  7000ed38    00000040                                                         : uart_v0_lld.obj (.text.UART_lld_deInit)
                  7000ed78    00000040     libc.a : memory.c.obj (.text.free_list_insert)
                  7000edb8    0000003e     security.am263px.r5f.ti-arm-clang.nortos.release.lib : hsmclient_loadhsmrt.obj (.text.Hsmclient_mboxRxISR)
                  7000edf6    0000003e     drivers.am263px.r5f.ti-arm-clang.nortos.release.lib : i2c_v1_lld.obj (.text.I2C_lld_transferInit)
                  7000ee34    0000003e     security.am263px.r5f.ti-arm-clang.nortos.release.lib : sipc_notify_src.obj (.text.SIPC_registerClient)
                  7000ee72    00000002     --HOLE-- [fill = 0]
                  7000ee74    0000003c     drivers.am263px.r5f.ti-arm-clang.nortos.release.lib : edma.obj (.text.EDMA_getBaseAddr)
                  7000eeb0    0000003c                                                         : ospi_phy_am26x_lld.obj (.text.OSPI_lld_phyTuneDDR)
                  7000eeec    0000003c                                                         : soc_rcm.obj (.text.SOC_rcmR5ConfigLockStep)
                  7000ef28    0000003c                                                         : uart_v0_lld.obj (.text.UART_readData)
                  7000ef64    0000003a     nortos.am263px.r5f.ti-arm-clang.release.lib : ClockP_nortos.obj (.text.ClockP_destruct)
                  7000ef9e    0000003a                                                 : DebugP_uartLogWriter.obj (.text.DebugP_uartLogWriterPutChar)
                  7000efd8    0000003a     board.am263px.r5f.ti-arm-clang.nortos.release.lib : eeprom.obj (.text.EEPROM_open)
                  7000f012    0000003a                                                       : flash.obj (.text.Flash_open)
                  7000f04c    0000003a     drivers.am263px.r5f.ti-arm-clang.nortos.release.lib : i2c_v1.obj (.text.I2C_completeCurrTransfer)
                  7000f086    0000003a     ti_power_clock_config.obj (.text.Module_clockSetFrequency)
                  7000f0c0    0000003a     board.am263px.r5f.ti-arm-clang.nortos.release.lib : ioexp_tca6416.obj (.text.TCA6416_open)
                  7000f0fa    0000003a                                                       : ioexp_tca6424.obj (.text.TCA6424_open)
                  7000f134    0000003a     drivers.am263px.r5f.ti-arm-clang.nortos.release.lib : uart_v0_lld.obj (.text.UART_lld_flushTxFifo)
                  7000f16e    00000002     --HOLE-- [fill = 0]
                  7000f170    00000038                                                         : bootloader_soc.obj (.text.Bootloader_authStart)
                  7000f1a8    00000038                                                         : bootloader_soc.obj (.text.Bootloader_authUpdate)
                  7000f1e0    00000038                                                         : bootloader_soc.obj (.text.Bootloader_socTranslateSectionAddr)
                  7000f218    00000038                                                         : soc_rcm.obj (.text.SOC_rcmADPLLJGetFOut)
                  7000f250    00000038     nortos.am263px.r5f.ti-arm-clang.release.lib : DebugP_nortos.obj (.text._DebugP_logZone)
                  7000f288    00000038                                                 : PmuP_armv7r_asm.obj (.text.pmu)
                  7000f2c0    00000036     drivers.am263px.r5f.ti-arm-clang.nortos.release.lib : edma.obj (.text.EDMA_clrMissEvtRegion)
                  7000f2f6    00000036     security.am263px.r5f.ti-arm-clang.nortos.release.lib : hsmclient_wait_for_boot_notify.obj (.text.HsmClient_waitForBootNotify)
                  7000f32c    00000036     nortos.am263px.r5f.ti-arm-clang.release.lib : SemaphoreP_nortos.obj (.text.SemaphoreP_post)
                  7000f362    00000034     drivers.am263px.r5f.ti-arm-clang.nortos.release.lib : bootloader.obj (.text.Bootloader_getX509CertLen)
                  7000f396    00000034     nortos.am263px.r5f.ti-arm-clang.release.lib : ClockP_nortos.obj (.text.ClockP_start)
                  7000f3ca    00000034     board.am263px.r5f.ti-arm-clang.nortos.release.lib : eeprom_cat24m.obj (.text.EEPROM_CAT24M_open)
                  7000f3fe    00000002     --HOLE-- [fill = 0]
                  7000f400    00000034     drivers.am263px.r5f.ti-arm-clang.nortos.release.lib : i2c_v1.obj (.text.I2C_init)
                  7000f434    00000034     ti_power_clock_config.obj (.text.Module_clockDisable)
                  7000f468    00000034     ti_power_clock_config.obj (.text.Module_clockEnable)
                  7000f49c    00000034     drivers.am263px.r5f.ti-arm-clang.nortos.release.lib : ospi_v0_lld.obj (.text.OSPI_lld_disablePhy)
                  7000f4d0    00000034                                                         : ospi_v0_lld.obj (.text.OSPI_lld_readDirect)
                  7000f504    00000034                                                         : soc_rcm.obj (.text.SOC_rcmGetModuleClkDivVal)
                  7000f538    00000034     libc.a : memory.c.obj (.text.free_list_remove)
                  7000f56c    00000034     libsysbm.a : lseek.c.obj (.text.lseek)
                  7000f5a0    00000034                : write.c.obj (.text.write)
                  7000f5d4    00000032     nortos.am263px.r5f.ti-arm-clang.release.lib : ClockP_nortos.obj (.text.ClockP_usleep)
                  7000f606    00000032     drivers.am263px.r5f.ti-arm-clang.nortos.release.lib : edma.obj (.text.EDMA_unmapChToEvtQ)
                  7000f638    00000030                                                         : bootloader.obj (.text.Bootloader_BootImageInfo_init)
                  7000f668    00000030                                                         : bootloader_soc.obj (.text.Bootloader_authFinish)
                  7000f698    00000030                                                         : fss_v0.obj (.text.FSS_addressBitMask)
                  7000f6c8    00000030                                                         : i2c_v1_lld.obj (.text.I2CControllerInitExpClk)
                  7000f6f8    00000030                                                         : ospi_v0_lld.obj (.text.OSPI_utilLog2)
                  7000f728    00000030     security.am263px.r5f.ti-arm-clang.nortos.release.lib : sipc_notify_cfg.obj (.text.SIPC_Register_Isr)
                  7000f758    00000030     drivers.am263px.r5f.ti-arm-clang.nortos.release.lib : soc_rcm.obj (.text.SOC_rcmCoreApllRelockPreRequisite)
                  7000f788    00000030                                                         : uart_v0.obj (.text.UART_lld_readCompleteCallback)
                  7000f7b8    00000030                                                         : uart_v0.obj (.text.UART_lld_writeCompleteCallback)
                  7000f7e8    0000002e                                                         : edma.obj (.text.EDMA_enableChInShadowRegRegion)
                  7000f816    0000002e                                                         : i2c_v1_lld.obj (.text.I2C_lld_deInit)
                  7000f844    0000002c                                                         : bootloader_profile.obj (.text.Bootloader_profileReset)
                  7000f870    0000002c     ti_drivers_open_close.obj (.text.Drivers_open)
                  7000f89c    0000002c     drivers.am263px.r5f.ti-arm-clang.nortos.release.lib : edma.obj (.text.EDMA_getHandle)
                  7000f8c8    0000002c                                                         : i2c_v1.obj (.text.I2C_getHandle)
                  7000f8f4    0000002c                                                         : soc_rcm.obj (.text.SOC_rcmGetR5Clock)
                  7000f920    0000002c     ti_drivers_config.obj (.text.System_deinit)
                  7000f94c    0000002c     drivers.am263px.r5f.ti-arm-clang.nortos.release.lib : uart_v0.obj (.text.UART_getHandle)
                  7000f978    0000002a     board.am263px.r5f.ti-arm-clang.nortos.release.lib : flash.obj (.text.Flash_read)
                  7000f9a2    00000028     nortos.am263px.r5f.ti-arm-clang.release.lib : ClockP_nortos.obj (.text.ClockP_construct)
                  7000f9ca    00000028                                                 : ClockP_nortos.obj (.text.ClockP_sleepTicks)
                  7000f9f2    00000002     --HOLE-- [fill = 0]
                  7000f9f4    00000028     drivers.am263px.r5f.ti-arm-clang.nortos.release.lib : ospi_v0.obj (.text.OSPI_getHandle)
                  7000fa1c    00000028                                                         : soc.obj (.text.SOC_moduleSetClockFrequency)
                  7000fa44    00000028                                                         : soc_rcm.obj (.text.SOC_rcmGetADPLLJConfig)
                  7000fa6c    00000026                                                         : bootloader.obj (.text.Bootloader_initCpu)
                  7000fa92    00000026                                                         : edma.obj (.text.EDMA_setPaRAM)
                  7000fab8    00000026                                                         : i2c_v1_lld.obj (.text.I2C_lld_transferIntr)
                  7000fade    00000026                                                         : i2c_v1_lld.obj (.text.I2C_lld_transferPoll)
                  7000fb04    00000026     security.am263px.r5f.ti-arm-clang.nortos.release.lib : sipc_notify_src.obj (.text.SIPC_unregisterClient)
                  7000fb2a    00000026     ti_drivers_config.obj (.text.System_init)
                  7000fb50    00000026     drivers.am263px.r5f.ti-arm-clang.nortos.release.lib : uart_dma_edma.obj (.text.UART_lld_dmaDisableChannel)
                  7000fb76    00000026     main.obj (.text.flashFixUpOspiBoot)
                  7000fb9c    00000024     drivers.am263px.r5f.ti-arm-clang.nortos.release.lib : bootloader_profile.obj (.text.Bootloader_profileAddProfilePoint)
                  7000fbc0    00000024                                                         : edma.obj (.text.EDMA_clrIntrRegion)
                  7000fbe4    00000024                                                         : edma.obj (.text.EDMA_disableEvtIntrRegion)
                  7000fc08    00000024                                                         : edma.obj (.text.EDMA_readIntrStatusRegion)
                  7000fc2c    00000024     board.am263px.r5f.ti-arm-clang.nortos.release.lib : flash.obj (.text.Flash_getAttrs)
                  7000fc50    00000024                                                       : flash.obj (.text.Flash_getHandle)
                  7000fc74    00000024     security.am263px.r5f.ti-arm-clang.nortos.release.lib : hsmclient.obj (.text.HsmClient_init)
                  7000fc98    00000024     drivers.am263px.r5f.ti-arm-clang.nortos.release.lib : ospi_v0_lld.obj (.text.OSPI_lld_enableDacMode)
                  7000fcbc    00000024                                                         : uart_v0_lld.obj (.text.UART_IsHWFlowCtrlValid)
                  7000fce0    00000024     libclang_rt.builtins.a : aeabi_uldivmod.S.obj (.text.__aeabi_uldivmod)
                  7000fd04    00000024     nortos.am263px.r5f.ti-arm-clang.release.lib : printf.obj (.text.vprintf_)
                  7000fd28    00000022     drivers.am263px.r5f.ti-arm-clang.nortos.release.lib : edma.obj (.text.EDMA_linkChannel)
                  7000fd4a    00000022     board.am263px.r5f.ti-arm-clang.nortos.release.lib : eeprom_cat24m.obj (.text.EEPROM_CAT24M_close)
                  7000fd6c    00000022     drivers.am263px.r5f.ti-arm-clang.nortos.release.lib : ospi_v0_lld.obj (.text.OSPI_lld_configBaudrate)
                  7000fd8e    00000022                                                         : ospi_v0_lld.obj (.text.OSPI_lld_setDeviceSize)
                  7000fdb0    00000022                                                         : ospi_v0_lld.obj (.text.OSPI_writeFifoData)
                  7000fdd2    00000002     --HOLE-- [fill = 0]
                  7000fdd4    00000020                                                         : bootloader.obj (.text.Bootloader_runSelfCpu)
                  7000fdf4    00000020     nortos.am263px.r5f.ti-arm-clang.release.lib : DebugP_log.obj (.text.DebugP_logZoneEnable)
                  7000fe14    00000020     drivers.am263px.r5f.ti-arm-clang.nortos.release.lib : edma.obj (.text.EDMA_chainChannel)
                  7000fe34    00000020                                                         : bootloader_flash.obj (.text.Flash_imgDacModeToggle)
                  7000fe54    00000020                                                         : i2c_v1_lld.obj (.text.I2C_lld_Message_init)
                  7000fe74    00000020                                                         : ospi_v0_lld.obj (.text.OSPI_lld_readCmdParams_init)
                  7000fe94    00000020                                                         : ospi_v0_lld.obj (.text.OSPI_lld_writeCmdParams_init)
                  7000feb4    00000020                                                         : ospi_v0.obj (.text.OSPI_readCmd)
                  7000fed4    00000020                                                         : ospi_v0.obj (.text.OSPI_writeCmd)
                  7000fef4    00000020     nortos.am263px.r5f.ti-arm-clang.release.lib : TimerP_rti_priv.obj (.text.TimerP_Params_initPriv)
                  7000ff14    00000020     drivers.am263px.r5f.ti-arm-clang.nortos.release.lib : uart_v0_lld.obj (.text.UART_getChar)
                  7000ff34    0000001e     board.am263px.r5f.ti-arm-clang.nortos.release.lib : eeprom.obj (.text.EEPROM_read)
                  7000ff52    0000001e     drivers.am263px.r5f.ti-arm-clang.nortos.release.lib : fss_v0.obj (.text.FSS_selectRegionA)
                  7000ff70    0000001e                                                         : fss_v0.obj (.text.FSS_selectRegionB)
                  7000ff8e    0000001e                                                         : ospi_v0_lld.obj (.text.OSPI_lld_readBaudRateDivFromReg)
                  7000ffac    0000001e                                                         : ospi_v0_lld.obj (.text.OSPI_readFifoData)
                  7000ffca    0000001e                                                         : ospi_v0_lld.obj (.text.OSPI_waitWriteSRAMLevel)
                  7000ffe8    0000001e     board.am263px.r5f.ti-arm-clang.nortos.release.lib : ioexp_tca6416.obj (.text.TCA6416_close)
                  70010006    0000001e                                                       : ioexp_tca6424.obj (.text.TCA6424_close)
                  70010024    0000001e     drivers.am263px.r5f.ti-arm-clang.nortos.release.lib : uart_v0_lld.obj (.text.UART_spaceAvail)
                  70010042    0000001e                                                         : bootloader.obj (.text.memcmp)
                  70010060    0000001c                                                         : bootloader_soc.obj (.text.Bootloader_socGetCoreName)
                  7001007c    0000001c                                                         : ospi_v0_lld.obj (.text.OSPI_lld_disableDacMode)
                  70010098    0000001c                                                         : ospi_v0_lld.obj (.text.OSPI_lld_setNumAddrBytes)
                  700100b4    0000001c                                                         : soc_rcm.obj (.text.SOC_rcmIsR5FInLockStepMode)
                  700100d0    0000001c     libsysbm.a : hostrename.c.obj (.text.strcpy)
                  700100ec    0000001c                : hostrename.c.obj (.text.strlen)
                  70010108    0000001c     libc.a : memcpy32.S.obj (.text:TI_memcpy_small)
                  70010124    0000001a     nortos.am263px.r5f.ti-arm-clang.release.lib : CpuId_armv7r.obj (.text.CSL_armR5GetCpuID)
                  7001013e    0000001a     drivers.am263px.r5f.ti-arm-clang.nortos.release.lib : edma.obj (.text.EDMA_readEventStatusRegion)
                  70010158    0000001a                                                         : i2c_v1.obj (.text.I2C_hwiFxn)
                  70010172    0000001a                                                         : ospi_edma_lld.obj (.text.OSPI_EdmaParams_init)
                  7001018c    0000001a                                                         : ospi_edma_lld.obj (.text.OSPI_edmaIsrFxn)
                  700101a6    0000001a                                                         : ospi_v0_lld.obj (.text.OSPI_lld_setRdDataCaptureDelay)
                  700101c0    0000001a     security.am263px.r5f.ti-arm-clang.nortos.release.lib : sipc_notify_src.obj (.text.SIPC_Params_init)
                  700101da    0000001a     drivers.am263px.r5f.ti-arm-clang.nortos.release.lib : uart_v0_lld.obj (.text.UART_enhanFuncEnable)
                  700101f4    00000018                                                         : bootloader_profile.obj (.text.Bootloader_profileAddCore)
                  7001020c    00000018                                                         : bootloader_soc.obj (.text.Bootloader_socCpuGetClkDefault)
                  70010224    00000018                                                         : fss_v0.obj (.text.FSS_enableECC)
                  7001023c    00000018     board.am263px.r5f.ti-arm-clang.nortos.release.lib : flash_nor_ospi.obj (.text.Flash_norOspiClose)
                  70010254    00000018     drivers.am263px.r5f.ti-arm-clang.nortos.release.lib : i2c_v1.obj (.text.I2C_deinit)
                  7001026c    00000018                                                         : ospi_v0.obj (.text.OSPI_deinit)
                  70010284    00000018                                                         : soc.obj (.text.SOC_getCoreName)
                  7001029c    00000018                                                         : soc_rcm.obj (.text.SOC_rcmMemInitMailboxMemory)
                  700102b4    00000018                                                         : soc_rcm.obj (.text.SOC_rcmR5SS0PowerOnReset)
                  700102cc    00000018                                                         : soc_rcm.obj (.text.SOC_rcmR5SS1PowerOnReset)
                  700102e4    00000018     nortos.am263px.r5f.ti-arm-clang.release.lib : TimerP_rti_priv.obj (.text.TimerP_getCountPriv)
                  700102fc    00000018     drivers.am263px.r5f.ti-arm-clang.nortos.release.lib : uart_v0.obj (.text.UART_deinit)
                  70010314    00000018     libc.a : memset32.S.obj (.text:TI_memset_small)
                  7001032c    00000016     ti_board_open_close.obj (.text.Board_driversOpen)
                  70010342    00000016     drivers.am263px.r5f.ti-arm-clang.nortos.release.lib : bootloader_soc.obj (.text.Bootloader_socCpuSetClock)
                  70010358    00000016                                                         : i2c_v1_lld.obj (.text.I2C_lld_Transaction_init)
                  7001036e    00000016                                                         : ospi_v0_lld.obj (.text.OSPI_getCmdExt)
                  70010384    00000016                                                         : ospi_v0_lld.obj (.text.OSPI_lld_Transaction_init)
                  7001039a    00000016                                                         : ospi_v0_lld.obj (.text.OSPI_lld_disablePhyPipeline)
                  700103b0    00000016                                                         : ospi_v0_lld.obj (.text.OSPI_lld_enablePhyPipeline)
                  700103c6    00000016                                                         : ospi_v0_lld.obj (.text.OSPI_lld_enableSDR)
                  700103dc    00000016                                                         : ospi_v0_lld.obj (.text.OSPI_lld_setResetPinStatus)
                  700103f2    00000016     nortos.am263px.r5f.ti-arm-clang.release.lib : SemaphoreP_nortos.obj (.text.SemaphoreP_constructBinary)
                  70010408    00000016     drivers.am263px.r5f.ti-arm-clang.nortos.release.lib : uart_v0_lld.obj (.text.UART_IsTxRxFifoEmpty)
                  7001041e    00000016                                                         : uart_v0_lld.obj (.text.UART_checkCharsAvailInFifo)
                  70010434    00000016                                                         : uart_v0_lld.obj (.text.UART_getIntrIdentityStatus)
                  7001044a    00000014                                                         : bootloader_soc.obj (.text.Bootloader_socCpuResetRelease)
                  7001045e    00000002     --HOLE-- [fill = 0]
                  70010460    00000014                                                         : bootloader_soc.obj (.text.Bootloader_socIsAuthRequired)
                  70010474    00000014     nortos.am263px.r5f.ti-arm-clang.release.lib : ClockP_nortos.obj (.text.ClockP_usecToTicks)
                  70010488    00000014     drivers.am263px.r5f.ti-arm-clang.nortos.release.lib : edma.obj (.text.EDMA_getRegionId)
                  7001049c    00000014                                                         : ospi_v0_lld.obj (.text.OSPI_lld_setCmdDummyCycles)
                  700104b0    00000014                                                         : soc_rcm.obj (.text.SOC_rcmR5SS0TriggerReset)
                  700104c4    00000014     nortos.am263px.r5f.ti-arm-clang.release.lib : SemaphoreP_nortos.obj (.text.SemaphoreP_constructMutex)
                  700104d8    00000014     drivers.am263px.r5f.ti-arm-clang.nortos.release.lib : uart_v0.obj (.text.UART_Transaction_init)
                  700104ec    00000014                                                         : uart_v0_lld.obj (.text.UART_enhanFuncBitValRestore)
                  70010500    00000012     board.am263px.r5f.ti-arm-clang.nortos.release.lib : flash.obj (.text.Flash_disableDacMode)
                  70010512    00000012                                                       : flash.obj (.text.Flash_enableDacMode)
                  70010524    00000012     security.am263px.r5f.ti-arm-clang.nortos.release.lib : hsmclient_loadhsmrt.obj (.text.Hsmclient_updateBootNotificationRegister)
                  70010536    00000012     drivers.am263px.r5f.ti-arm-clang.nortos.release.lib : i2c_v1.obj (.text.I2C_LLD_transferCompleteCallback)
                  70010548    00000012                                                         : ospi_v0_lld.obj (.text.OSPI_lld_enableModeBitsCmd)
                  7001055a    00000012                                                         : uart_v0_lld.obj (.text.UART_hardwareFlowCtrlOptSet)
                  7001056c    00000012                                                         : uart_v0_lld.obj (.text.UART_operatingModeSelect)
                  7001057e    00000012                                                         : uart_v0_lld.obj (.text.UART_readLineStatus)
                  70010590    00000012     ti_dpl_config.obj (.text.putchar_)
                  700105a2    00000010     drivers.am263px.r5f.ti-arm-clang.nortos.release.lib : bootloader.obj (.text.Bootloader_close)
                  700105b2    00000010                                                         : bootloader.obj (.text.Bootloader_isCorePresent)
                  700105c2    00000002     --HOLE-- [fill = 0]
                  700105c4    00000010                                                         : fss_v0.obj (.text.FSS_disableECC)
                  700105d4    00000010     board.am263px.r5f.ti-arm-clang.nortos.release.lib : flash_nor_ospi.obj (.text.Flash_norOspiDacModeDisable)
                  700105e4    00000010                                                       : flash_nor_ospi.obj (.text.Flash_norOspiDacModeEnable)
                  700105f4    00000010     drivers.am263px.r5f.ti-arm-clang.nortos.release.lib : ospi_v0.obj (.text.OSPI_configBaudrate)
                  70010604    00000010                                                         : ospi_v0.obj (.text.OSPI_disableDacMode)
                  70010614    00000010                                                         : ospi_v0.obj (.text.OSPI_disablePhy)
                  70010624    00000010                                                         : ospi_v0.obj (.text.OSPI_enableDacMode)
                  70010634    00000010                                                         : ospi_v0.obj (.text.OSPI_enablePhy)
                  70010644    00000010                                                         : ospi_v0.obj (.text.OSPI_enablePhyPipeline)
                  70010654    00000010                                                         : ospi_v0.obj (.text.OSPI_enableSDR)
                  70010664    00000010                                                         : ospi_v0.obj (.text.OSPI_getBaudRateDivFromObj)
                  70010674    00000010                                                         : ospi_phy_am26x_lld.obj (.text.OSPI_lld_phyGetTuningData)
                  70010684    00000010                                                         : ospi_v0_lld.obj (.text.OSPI_lld_setReadDummyCycles)
                  70010694    00000010                                                         : ospi_v0.obj (.text.OSPI_setRdDataCaptureDelay)
                  700106a4    00000010                                                         : ospi_v0.obj (.text.OSPI_setResetPinStatus)
                  700106b4    00000010                                                         : soc_rcm.obj (.text.SOC_rcmR5SS1TriggerReset)
                  700106c4    00000010                                                         : uart_v0_lld.obj (.text.UART_intr2Disable)
                  700106d4    00000010     libclang_rt.builtins.a : aeabi_memset.S.obj (.text.__aeabi_memset)
                  700106e4    00000010     libc.a : fputc.c.obj (.text.putchar)
                  700106f4    0000000e     drivers.am263px.r5f.ti-arm-clang.nortos.release.lib : bootloader_soc.obj (.text.Bootloader_socCpuResetReleaseSelf)
                  70010702    0000000e                                                         : bootloader_soc.obj (.text.Bootloader_socInitL2MailBoxMemory)
                  70010710    0000000e                                                         : edma.obj (.text.EDMA_ccPaRAMEntry_init)
                  7001071e    0000000e     board.am263px.r5f.ti-arm-clang.nortos.release.lib : eeprom.obj (.text.EEPROM_close)
                  7001072c    0000000e                                                       : flash.obj (.text.Flash_close)
                  7001073a    0000000e                                                       : flash.obj (.text.Flash_getPhyTuningOffset)
                  70010748    0000000e     drivers.am263px.r5f.ti-arm-clang.nortos.release.lib : i2c_v1.obj (.text.I2C_transferCallback)
                  70010756    0000000e                                                         : ospi_v0.obj (.text.OSPI_getInputClk)
                  70010764    0000000e                                                         : ospi_v0.obj (.text.OSPI_isDacEnable)
                  70010772    0000000e                                                         : ospi_v0.obj (.text.OSPI_isPhyEnable)
                  70010780    0000000e                                                         : ospi_v0_lld.obj (.text.OSPI_lld_clearDualOpCodeMode)
                  7001078e    0000000e                                                         : ospi_v0_lld.obj (.text.OSPI_lld_enableModeBitsRead)
                  7001079c    0000000e                                                         : ospi_v0_lld.obj (.text.OSPI_lld_setModeBits)
                  700107aa    0000000e                                                         : ospi_phy_am26x.obj (.text.OSPI_phyReadAttackVector)
                  700107b8    0000000e                                                         : ospi_phy_am26x.obj (.text.OSPI_phyTuneDDR)
                  700107c6    0000000e     ti_pinmux_config.obj (.text.Pinmux_init)
                  700107d4    0000000e     ti_power_clock_config.obj (.text.PowerClock_init)
                  700107e2    00000002     --HOLE-- [fill = 0]
                  700107e4    0000000c     drivers.am263px.r5f.ti-arm-clang.nortos.release.lib : bootloader.obj (.text.Bootloader_Params_init)
                  700107f0    0000000c                                                         : bootloader_profile.obj (.text.Bootloader_profileUpdateAppimageSize)
                  700107fc    0000000c                                                         : bootloader_profile.obj (.text.Bootloader_profileUpdateMediaAndClk)
                  70010808    0000000c                                                         : bootloader_soc.obj (.text.Bootloader_socGetBootSeqOid)
                  70010814    0000000c     nortos.am263px.r5f.ti-arm-clang.release.lib : ClockP_nortos.obj (.text.ClockP_getTicks)
                  70010820    0000000c                                                 : DebugP_uartLogWriter.obj (.text.DebugP_uartSetDrvIndex)
                  7001082c    0000000c     security.am263px.r5f.ti-arm-clang.nortos.release.lib : hsmclient.obj (.text.HsmClient_SecureBootQueueInit)
                  70010838    0000000c     drivers.am263px.r5f.ti-arm-clang.nortos.release.lib : i2c_v1.obj (.text.I2C_Transaction_init)
                  70010844    0000000c                                                         : ospi_v0.obj (.text.OSPI_clearDualOpCodeMode)
                  70010850    0000000c                                                         : ospi_v0.obj (.text.OSPI_enableModeBitsCmd)
                  7001085c    0000000c                                                         : ospi_v0.obj (.text.OSPI_enableModeBitsRead)
                  70010868    0000000c                                                         : ospi_v0.obj (.text.OSPI_getFlashDataBaseAddr)
                  70010874    0000000c                                                         : ospi_v0_lld.obj (.text.OSPI_lld_getFlashDataBaseAddr)
                  70010880    0000000c                                                         : ospi_v0_lld.obj (.text.OSPI_lld_getInputClk)
                  7001088c    0000000c                                                         : ospi_v0.obj (.text.OSPI_setCmdDummyCycles)
                  70010898    0000000c                                                         : ospi_v0.obj (.text.OSPI_setCmdExtType)
                  700108a4    0000000c                                                         : ospi_v0.obj (.text.OSPI_setDeviceSize)
                  700108b0    0000000c                                                         : ospi_v0.obj (.text.OSPI_setModeBits)
                  700108bc    0000000c                                                         : ospi_v0.obj (.text.OSPI_setNumAddrBytes)
                  700108c8    0000000c                                                         : ospi_v0.obj (.text.OSPI_setPhyEnableSuccess)
                  700108d4    0000000c                                                         : ospi_v0.obj (.text.OSPI_setProtocol)
                  700108e0    0000000c                                                         : ospi_v0.obj (.text.OSPI_setReadDummyCycles)
                  700108ec    0000000c                                                         : ospi_v0.obj (.text.OSPI_setXferOpCodes)
                  700108f8    0000000c     security.am263px.r5f.ti-arm-clang.nortos.release.lib : sipc_notify_src.obj (.text.SIPC_getSelfCoreId)
                  70010904    0000000c     drivers.am263px.r5f.ti-arm-clang.nortos.release.lib : soc.obj (.text.SOC_getSelfCpuClk)
                  70010910    0000000c                                                         : soc_rcm.obj (.text.SOC_rcmSetR5ClockSource)
                  7001091c    0000000c     board.am263px.r5f.ti-arm-clang.nortos.release.lib : ioexp_tca6416.obj (.text.TCA6416_Params_init)
                  70010928    0000000c                                                       : ioexp_tca6424.obj (.text.TCA6424_Params_init)
                  70010934    0000000c     libclang_rt.builtins.a : aeabi_memset.S.obj (.text.__aeabi_memclr)
                  70010940    0000000c     libc.a : memory.c.obj (.text.malloc)
                  7001094c    0000000c     nortos.am263px.r5f.ti-arm-clang.release.lib : CpuId_armv7r_asm.obj (.text)
                  70010958    00000008     drivers.am263px.r5f.ti-arm-clang.nortos.release.lib : bootloader_soc.obj (.text.Bootloader_socGetSBLMem)
                  70010960    0000000c     libc.a : strcmp32.S.obj (.text)
                  7001096c    0000000a     drivers.am263px.r5f.ti-arm-clang.nortos.release.lib : bootloader.obj (.text.Bootloader_getMulticoreImageSize)
                  70010976    0000000a     nortos.am263px.r5f.ti-arm-clang.release.lib : ClockP_nortos.obj (.text.ClockP_Params_init)
                  70010980    0000000a                                                 : ClockP_nortos.obj (.text.ClockP_isActive)
                  7001098a    0000000a     drivers.am263px.r5f.ti-arm-clang.nortos.release.lib : bootloader_flash.obj (.text.Flash_imgOpen)
                  70010994    0000000a                                                         : ospi_v0.obj (.text.OSPI_dmaInterruptCallback)
                  7001099e    0000000a                                                         : ospi_v0.obj (.text.OSPI_interruptCallback)
                  700109a8    0000000a                                                         : soc_rcm.obj (.text.SOC_rcmSetR5Clock)
                  700109b2    0000000a     nortos.am263px.r5f.ti-arm-clang.release.lib : TimerP_rti_priv.obj (.text.TimerP_getReloadCountPriv)
                  700109bc    0000000a                                                 : TimerP_rti_priv.obj (.text.TimerP_startPriv)
                  700109c6    0000000a     drivers.am263px.r5f.ti-arm-clang.nortos.release.lib : uart_v0_lld.obj (.text.UART_lld_Transaction_deInit)
                  700109d0    00000008                                                         : bootloader_flash.obj (.text.Flash_imgSeek)
                  700109d8    00000008     libsysbm.a : hostexit.c.obj (.text.HOSTexit)
                  700109e0    00000008     drivers.am263px.r5f.ti-arm-clang.nortos.release.lib : ospi_v0.obj (.text.OSPI_ReadCmdParams_init)
                  700109e8    00000008                                                         : ospi_v0.obj (.text.OSPI_Transaction_init)
                  700109f0    00000008                                                         : ospi_v0.obj (.text.OSPI_WriteCmdParams_init)
                  700109f8    00000008                                                         : ospi_edma_lld.obj (.text.OSPI_isDmaInterruptEnabled)
                  70010a00    00000008                                                         : ospi_v0_lld.obj (.text.OSPI_lld_readCompleteCallback)
                  70010a08    00000008     nortos.am263px.r5f.ti-arm-clang.release.lib : TimerP_rti_priv.obj (.text.TimerP_clearOverflowIntPriv)
                  70010a10    00000008                                                 : printf.obj (.text._out_char)
                  70010a18    00000008     libc.a : exit.c.obj (.text:abort)
                  70010a20    00000006     security.am263px.r5f.ti-arm-clang.nortos.release.lib : hsmclient.obj (.text.HsmClient_unregister)
                  70010a26    00000006     drivers.am263px.r5f.ti-arm-clang.nortos.release.lib : ospi_v0_lld.obj (.text.OSPI_lld_isDacEnable)
                  70010a2c    00000006                                                         : ospi_v0_lld.obj (.text.OSPI_lld_isPhyEnable)
                  70010a32    00000006                                                         : ospi_v0_lld.obj (.text.OSPI_lld_setCmdExtType)
                  70010a38    00000006                                                         : ospi_v0_lld.obj (.text.OSPI_lld_setPhyEnableSuccess)
                  70010a3e    00000006                                                         : soc.obj (.text.SOC_moduleClockEnable)
                  70010a44    00000006                                                         : soc_rcm.obj (.text.SOC_rcmGetCR5SysclkInFrequency)
                  70010a4a    00000004                                                         : bootloader_soc.obj (.text.Bootloader_socCpuRequest)
                  70010a4e    00000004     nortos.am263px.r5f.ti-arm-clang.release.lib : ClockP_nortos_r5.obj (.text.ClockP_getTimerCount)
                  70010a52    00000004                                                 : ClockP_nortos_r5.obj (.text.ClockP_timerClearOverflowInt)
                  70010a56    00000004     drivers.am263px.r5f.ti-arm-clang.nortos.release.lib : bootloader_flash.obj (.text.Flash_imgGetCurOffset)
                  70010a5a    00000004     main.obj (.text.Keyring_init)
                  70010a5e    00000004     drivers.am263px.r5f.ti-arm-clang.nortos.release.lib : ospi_phy_am26x.obj (.text.OSPI_phyGetTuningData)
                  70010a62    00000004     ti_power_clock_config.obj (.text.PowerClock_deinit)
                  70010a66    00000004     nortos.am263px.r5f.ti-arm-clang.release.lib : TimerP_rti_nortos.obj (.text.TimerP_Params_init)
                  70010a6a    00000004                                                 : TimerP_rti_nortos.obj (.text.TimerP_clearOverflowInt)
                  70010a6e    00000004                                                 : TimerP_rti_nortos.obj (.text.TimerP_getCount)
                  70010a72    00000004                                                 : TimerP_rti_nortos.obj (.text.TimerP_getReloadCount)
                  70010a76    00000004                                                 : TimerP_rti_nortos.obj (.text.TimerP_setup)
                  70010a7a    00000004                                                 : TimerP_rti_nortos.obj (.text.TimerP_start)
                  70010a7e    00000002     --HOLE-- [fill = 0]
                  70010a80    00000004     libclang_rt.builtins.a : aeabi_div0.c.obj (.text.__aeabi_ldiv0)
                  70010a84    00000004                            : aeabi_memcpy.S.obj (.text.__aeabi_memcpy)
                  70010a88    00000004     libc.a : _lock.c.obj (.text._nop)
                  70010a8c    00000004            : fseek.c.obj (.text.fseek)
                  70010a90    00000004     libsysbm.a : remove.c.obj (.text.remove)
                  70010a94    00000008     libclang_rt.builtins.a : aeabi_memcpy.S.obj (.tramp.__aeabi_memcpy.1)
                  70010a9c    00000008     nortos.am263px.r5f.ti-arm-clang.release.lib : HwiP_armv7r_asm.obj (.tramp.HwiP_enable.1)
                  70010aa4    00000008                                                 : HwiP_armv7r_asm.obj (.tramp.HwiP_restore.1)
                  70010aac    00000008                                                 : PmuP_armv7r_asm.obj (.tramp.PmuP_setUserEnable.1)
                  70010ab4    00000008                                                 : PmuP_armv7r_asm.obj (.tramp.PmuP_enableCounters.1)
                  70010abc    00000004     --HOLE-- [fill = 0]

.text.hwi 
*          0    70010ac0    00000990     
                  70010ac0    000004a2     nortos.am263px.r5f.ti-arm-clang.release.lib : HwiP_armv7r_vim.obj (.text.hwi)
                  70010f62    000002f4                                                 : HwiP_armv7r_handlers_nortos.obj (.text.hwi)
                  70011256    00000002     --HOLE-- [fill = 0]
                  70011258    0000017c                                                 : HwiP_armv7r_handlers_nortos_asm.obj (.text.hwi)
                  700113d4    00000070                                                 : HwiP_armv7r_asm.obj (.text.hwi)
                  70011444    00000008                                                 : HwiP_armv7r_asm.obj (.tramp.HwiP_enableFIQ.1)
                  7001144c    00000004     --HOLE-- [fill = 0]

.text.cache 
*          0    70011450    00000430     
                  70011450    00000340     nortos.am263px.r5f.ti-arm-clang.release.lib : CacheP_armv7r_asm.obj (.text.cache)
                  70011790    000000d8                                                 : CacheP_armv7r.obj (.text.cache)
                  70011868    00000008                                                 : CacheP_armv7r_asm.obj (.tramp.CacheP_invL1d.1)
                  70011870    00000008                                                 : CacheP_armv7r_asm.obj (.tramp.CacheP_enableL1p.1)
                  70011878    00000008                                                 : HwiP_armv7r_asm.obj (.tramp.HwiP_restore.2)

.text.mpu 
*          0    70011880    00000290     
                  70011880    00000202     nortos.am263px.r5f.ti-arm-clang.release.lib : MpuP_armv7r.obj (.text.mpu)
                  70011a82    00000002     --HOLE-- [fill = 0]
                  70011a84    00000078                                                 : MpuP_armv7r_asm.obj (.text.mpu)
                  70011afc    00000008                                                 : HwiP_armv7r_asm.obj (.tramp.HwiP_restore.3)
                  70011b04    00000008                                                 : MpuP_armv7r_asm.obj (.tramp.MpuP_isEnableAsm.1)
                  70011b0c    00000004     --HOLE-- [fill = 0]

.text.boot 
*          0    70011b10    00000190     
                  70011b10    00000144     nortos.am263px.r5f.ti-arm-clang.release.lib : boot_armv7r_asm.obj (.text.boot)
                  70011c54    0000001e                                                 : DebugP_log.obj (.text.boot)
                  70011c72    0000001c                                                 : boot_armv7r.obj (.text.boot)
                  70011c8e    0000000e     ti_dpl_config.obj (.text.boot)
                  70011c9c    00000004     --HOLE-- [fill = 0]

.data      0    70011ca0    000009b0     
                  70011ca0    000000f0     libc.a : defs.c.obj (.data._ftable)
                  70011d90    000000a4     ti_drivers_config.obj (.data.gOspiAttrs)
                  70011e34    00000098     ti_pinmux_config.obj (.data.gPinMuxMainDomainCfg)
                  70011ecc    00000088     ti_drivers_config.obj (.data.gEdmaAttrs)
                  70011f54    00000084     ti_board_open_close.obj (.data.gFlashDevCfg_IS25LX256)
                  70011fd8    00000080     drivers.am263px.r5f.ti-arm-clang.nortos.release.lib : ospi_phy_am26x_lld.obj (.data.gOspiFlashAttackVector)
                  70012058    00000078     libsysbm.a : host_device.c.obj (.data._device)
                  700120d0    00000070     drivers.am263px.r5f.ti-arm-clang.nortos.release.lib : bootloader_soc.obj (.data.gAddrTranslateInfo)
                  70012140    00000064     security.am263px.r5f.ti-arm-clang.nortos.release.lib : sipc_notify_cfg.obj (.data.gSIPC_InterruptConfig)
                  700121a4    00000058     ti_drivers_open_close.obj (.data.gUartParams)
                  700121fc    00000050     libsysbm.a : host_device.c.obj (.data._stream)
                  7001224c    00000050     security.am263px.r5f.ti-arm-clang.nortos.release.lib : sipc_notify_cfg.obj (.data.gSIPC_HsmMboxConfig)
                  7001229c    00000050                                                          : sipc_notify_cfg.obj (.data.gSIPC_SecureHostMboxConfig)
                  700122ec    00000038     ti_board_open_close.obj (.data.gFlashAttrs_IS25LX256)
                  70012324    00000030     drivers.am263px.r5f.ti-arm-clang.nortos.release.lib : bootloader_soc.obj (.data.gCoreBootInfo)
                  70012354    00000030     ti_drivers_config.obj (.data.gI2cHwAttrs)
                  70012384    00000030     ti_power_clock_config.obj (.data.gSocModulesClockFrequency)
                  700123b4    0000002c     ti_drivers_config.obj (.data.gBootloaderConfig)
                  700123e0    00000028     board.am263px.r5f.ti-arm-clang.nortos.release.lib : flash_nor_ospi.obj (.data.gFlashNorOspiFxns)
                  70012408    00000024                                                       : flash_nor_ospi.obj (.data.gFlashToSpiProtocolMap)
                  7001242c    0000001c     ti_board_open_close.obj (.data.gFlashConfig)
                  70012448    00000018     drivers.am263px.r5f.ti-arm-clang.nortos.release.lib : bootloader_flash.obj (.data.gBootloaderFlashFxns)
                  70012460    00000018     ti_dpl_config.obj (.data.gClockConfig)
                  70012478    00000018     ti_drivers_open_close.obj (.data.gI2cParams)
                  70012490    00000018     ti_drivers_config.obj (.data.gOspiDmaRestrictRegions)
[...]
7000fef5  TimerP_Params_initPriv                   
7000ff15  UART_getChar                             
7000ff35  EEPROM_read                              
7000ff53  FSS_selectRegionA                        
7000ff71  FSS_selectRegionB                        
7000ff8f  OSPI_lld_readBaudRateDivFromReg          
7000ffe9  TCA6416_close                            
70010007  TCA6424_close                            
70010025  UART_spaceAvail                          
70010061  Bootloader_socGetCoreName                
7001007d  OSPI_lld_disableDacMode                  
70010099  OSPI_lld_setNumAddrBytes                 
700100b5  SOC_rcmIsR5FInLockStepMode               
70010108  TI_memcpy_small                          
70010125  CSL_armR5GetCpuID                        
7001013f  EDMA_readEventStatusRegion               
70010173  OSPI_EdmaParams_init                     
700101a7  OSPI_lld_setRdDataCaptureDelay           
700101c1  SIPC_Params_init                         
700101f5  Bootloader_profileAddCore                
7001020d  Bootloader_socCpuGetClkDefault           
70010225  FSS_enableECC                            
70010255  I2C_deinit                               
7001026d  OSPI_deinit                              
70010285  SOC_getCoreName                          
7001029d  SOC_rcmMemInitMailboxMemory              
700102b5  SOC_rcmR5SS0PowerOnReset                 
700102cd  SOC_rcmR5SS1PowerOnReset                 
700102e5  TimerP_getCountPriv                      
700102fd  UART_deinit                              
70010314  TI_memset_small                          
7001032d  Board_driversOpen                        
70010343  Bootloader_socCpuSetClock                
70010359  I2C_lld_Transaction_init                 
70010385  OSPI_lld_Transaction_init                
7001039b  OSPI_lld_disablePhyPipeline              
700103b1  OSPI_lld_enablePhyPipeline               
700103c7  OSPI_lld_enableSDR                       
700103dd  OSPI_lld_setResetPinStatus               
700103f3  SemaphoreP_constructBinary               
70010409  UART_IsTxRxFifoEmpty                     
7001041f  UART_checkCharsAvailInFifo               
70010435  UART_getIntrIdentityStatus               
7001044b  Bootloader_socCpuResetRelease            
70010461  Bootloader_socIsAuthRequired             
70010475  ClockP_usecToTicks                       
70010489  EDMA_getRegionId                         
7001049d  OSPI_lld_setCmdDummyCycles               
700104b1  SOC_rcmR5SS0TriggerReset                 
700104c5  SemaphoreP_constructMutex                
700104d9  UART_Transaction_init                    
70010501  Flash_disableDacMode                     
70010513  Flash_enableDacMode                      
70010525  Hsmclient_updateBootNotificationRegister 
70010549  OSPI_lld_enableModeBitsCmd               
7001056d  UART_operatingModeSelect                 
7001057f  UART_readLineStatus                      
70010591  putchar_                                 
700105a3  Bootloader_close                         
700105b3  Bootloader_isCorePresent                 
700105c5  FSS_disableECC                           
700105f5  OSPI_configBaudrate                      
70010605  OSPI_disableDacMode                      
70010615  OSPI_disablePhy                          
70010625  OSPI_enableDacMode                       
70010635  OSPI_enablePhy                           
70010645  OSPI_enablePhyPipeline                   
70010655  OSPI_enableSDR                           
70010665  OSPI_getBaudRateDivFromObj               
70010675  OSPI_lld_phyGetTuningData                
70010685  OSPI_lld_setReadDummyCycles              
70010695  OSPI_setRdDataCaptureDelay               
700106a5  OSPI_setResetPinStatus                   
700106b5  SOC_rcmR5SS1TriggerReset                 
700106c5  UART_intr2Disable                        
700106d4  __aeabi_memset                           
700106d4  __aeabi_memset4                          
700106d4  __aeabi_memset8                          
700106e4  putchar                                  
700106f5  Bootloader_socCpuResetReleaseSelf        
70010703  Bootloader_socInitL2MailBoxMemory        
70010711  EDMA_ccPaRAMEntry_init                   
7001071f  EEPROM_close                             
7001072d  Flash_close                              
7001073b  Flash_getPhyTuningOffset                 
70010757  OSPI_getInputClk                         
70010765  OSPI_isDacEnable                         
70010773  OSPI_isPhyEnable                         
70010781  OSPI_lld_clearDualOpCodeMode             
7001078f  OSPI_lld_enableModeBitsRead              
7001079d  OSPI_lld_setModeBits                     
700107ab  OSPI_phyReadAttackVector                 
700107b9  OSPI_phyTuneDDR                          
700107c7  Pinmux_init                              
700107d5  PowerClock_init                          
700107e5  Bootloader_Params_init                   
700107f1  Bootloader_profileUpdateAppimageSize     
700107fd  Bootloader_profileUpdateMediaAndClk      
70010809  Bootloader_socGetBootSeqOid              
70010815  ClockP_getTicks                          
70010821  DebugP_uartSetDrvIndex                   
7001082d  HsmClient_SecureBootQueueInit            
70010839  I2C_Transaction_init                     
70010845  OSPI_clearDualOpCodeMode                 
70010851  OSPI_enableModeBitsCmd                   
7001085d  OSPI_enableModeBitsRead                  
70010869  OSPI_getFlashDataBaseAddr                
70010875  OSPI_lld_getFlashDataBaseAddr            
70010881  OSPI_lld_getInputClk                     
7001088d  OSPI_setCmdDummyCycles                   
70010899  OSPI_setCmdExtType                       
700108a5  OSPI_setDeviceSize                       
700108b1  OSPI_setModeBits                         
700108bd  OSPI_setNumAddrBytes                     
700108c9  OSPI_setPhyEnableSuccess                 
700108d5  OSPI_setProtocol                         
700108e1  OSPI_setReadDummyCycles                  
700108ed  OSPI_setXferOpCodes                      
700108f9  SIPC_getSelfCoreId                       
70010905  SOC_getSelfCpuClk                        
70010911  SOC_rcmSetR5ClockSource                  
7001091d  TCA6416_Params_init                      
70010929  TCA6424_Params_init                      
70010934  __aeabi_memclr                           
70010934  __aeabi_memclr4                          
70010934  __aeabi_memclr8                          
70010940  malloc                                   
7001094c  CSL_armR5ReadMpidrReg                    
70010959  Bootloader_socGetSBLMem                  
7001096d  Bootloader_getMulticoreImageSize         
70010977  ClockP_Params_init                       
70010981  ClockP_isActive                          
700109a9  SOC_rcmSetR5Clock                        
700109b3  TimerP_getReloadCountPriv                
700109bd  TimerP_startPriv                         
700109c7  UART_lld_Transaction_deInit              
700109d8  C$$EXIT                                  
700109d8  HOSTexit                                 
700109e1  OSPI_ReadCmdParams_init                  
700109e9  OSPI_Transaction_init                    
700109f1  OSPI_WriteCmdParams_init                 
700109f9  OSPI_isDmaInterruptEnabled               
70010a01  OSPI_lld_readCompleteCallback            
70010a09  TimerP_clearOverflowIntPriv              
70010a18  abort                                    
70010a21  HsmClient_unregister                     
70010a27  OSPI_lld_isDacEnable                     
70010a2d  OSPI_lld_isPhyEnable                     
70010a33  OSPI_lld_setCmdExtType                   
70010a39  OSPI_lld_setPhyEnableSuccess             
70010a3f  SOC_moduleClockEnable                    
70010a4b  Bootloader_socCpuRequest                 
70010a4f  ClockP_getTimerCount                     
70010a53  ClockP_timerClearOverflowInt             
70010a5b  Keyring_init                             
70010a5f  OSPI_phyGetTuningData                    
70010a63  PowerClock_deinit                        
70010a67  TimerP_Params_init                       
70010a6b  TimerP_clearOverflowInt                  
70010a6f  TimerP_getCount                          
70010a73  TimerP_getReloadCount                    
70010a77  TimerP_setup                             
70010a7b  TimerP_start                             
70010a80  __aeabi_ldiv0                            
70010a84  __aeabi_memcpy                           
70010a84  __aeabi_memcpy4                          
70010a84  __aeabi_memcpy8                          
70010a88  _nop                                     
70010a8c  fseek                                    
70010a90  remove                                   
70010ac1  HwiP_enableInt                           
70010ae9  HwiP_disableInt                          
70010b1b  HwiP_restoreInt                          
70010b71  HwiP_clearInt                            
70010b91  HwiP_post                                
70010bb9  HwiP_Params_init                         
70010bcb  HwiP_construct                           
70010d0f  HwiP_destruct                            
70010de1  HwiP_init                                
70010ea9  HwiP_inISR                               
70010ec5  HwiP_setVimIrqPriMaskNonAtomic           
70010eef  HwiP_setVimIrqPriMaskAtomic              
70010f43  HwiP_restoreVimIrqPriMask                
70010f63  HwiP_irq_handler_c                       
70010fff  HwiP_fiq_handler                         
700110af  HwiP_reserved_handler                    
700110dd  HwiP_undefined_handler_c                 
700110fb  HwiP_user_undefined_handler_c            
7001110f  HwiP_svc_handler                         
7001113d  HwiP_prefetch_abort_handler_c            
700111b7  HwiP_user_prefetch_abort_handler_c       
700111c7  HwiP_data_abort_handler_c                
70011247  HwiP_user_data_abort_handler_c           
70011258  HwiP_irq_handler                         
700112cc  HwiP_data_abort_handler                  
70011310  HwiP_prefetch_abort_handler              
7001135c  HwiP_undefined_handler                   
7001138c  GET_DFSR                                 
70011394  GET_ADFSR                                
7001139c  GET_DFAR                                 
700113a4  GET_IFSR                                 
700113ac  GET_AIFSR                                
700113b4  GET_IFAR                                 
700113bc  GET_SPSR                                 
700113d4  HwiP_disable                             
700113e4  HwiP_disableFIQ                          
700113f4  HwiP_enable                              
70011404  HwiP_enableFIQ                           
70011414  HwiP_restore                             
7001141c  HwiP_enableVIC                           
7001142c  HwiP_disableVIC                          
7001143c  HwiP_getCPSR                             
70011450  CacheP_disableL1d                        
70011478  CacheP_disableL1p                        
70011490  CacheP_enableL1d                         
700114a8  CacheP_enableL1p                         
700114c0  CacheP_invL1d                            
700114f8  CacheP_invL1p                            
70011534  CacheP_invL1dAll                         
7001153c  CacheP_invL1pAll                         
70011544  CacheP_wb                                
70011580  CacheP_wbInv                             
700115bc  CacheP_wbAll                             
70011664  CacheP_wbInvAll                          
7001167c  CacheP_wbInvAllAsm                       
7001171c  CacheP_getEnabled                        
70011754  CacheP_getCacheLevelInfo                 
70011760  CacheP_configForceWrThru                 
70011780  CacheP_setDLFO                           
70011791  CacheP_init                              
700117e9  CacheP_disable                           
70011823  CacheP_enable                            
70011843  CacheP_inv                               
70011881  MpuP_getAttrs                            
700118c1  MpuP_RegionAttrs_init                    
700118cf  MpuP_setRegion                           
70011949  MpuP_isEnable                            
7001194d  MpuP_disable                             
7001197f  MpuP_enable                              
700119bb  MpuP_init                                
70011a1d  MpuP_isUserAuthorizedToAccessMemory      
70011a84  MpuP_disableAsm                          
70011a9c  MpuP_disableBRAsm                        
70011aac  MpuP_enableAsm                           
70011ac4  MpuP_enableBRAsm                         
70011ad4  MpuP_isEnableAsm                         
70011ae8  MpuP_setRegionAsm                        
70011b10  _c_int00_sbl                             
70011b34  _c_int00                                 
70011c55  _DebugP_assertNoLog                      
70011c73  _system_pre_init                         
70011c8f  __mpu_init                               
70011ca0  _ftable                                  
70011ca0  gUartDmaHandle                           
70011f54  gFlashDevCfg_IS25LX256                   
70012058  _device                                  
700120d0  gAddrTranslateInfo                       
70012140  gSIPC_InterruptConfig                    
700121a4  gUartParams                              
700121fc  _stream                                  
7001224c  gSIPC_HsmMboxConfig                      
7001229c  gSIPC_SecureHostMboxConfig               
700122ec  gFlashAttrs_IS25LX256                    
70012324  gCoreBootInfo                            
70012384  gSocModulesClockFrequency                
700123b4  gBootloaderConfig                        
700123e0  gFlashNorOspiFxns                        
70012408  gFlashToSpiProtocolMap                   
7001242c  gFlashConfig                             
70012448  gBootloaderFlashFxns                     
70012460  gClockConfig                             
70012478  gI2cParams                               
700124a8  gR5ss0MemInitDone                        
700124ac  gR5ss1MemInitDone                        
700124b0  gR5ss1PORDone                            
700124b4  gR5ss0Core1ImagePresent                  
700124b8  gR5ss1Core1ImagePresent                  
700124e4  gResMemSection                           
7001250c  gBootloader0Args                         
7001251c  gEepromFxns_CAT24M                       
7001252c  gI2cConfig                               
7001253c  gSocModules                              
7001254c  __TI_ft_end                              
70012550  gAddrTranslateConfig                     
7001255c  gEepromAttrs_CAT24M                      
70012568  gEepromConfig                            
70012574  vec_size                                 
70012578  vector_table_loc                         
7001257c  __TI_cleanup_ptr                         
70012580  __TI_dtors_ptr                           
70012584  gEdmaConfig                              
7001258c  gEdmaParams                              
70012594  gEepromParams                            
7001259c  gFlashParams                             
700125a4  gOspiConfig                              
700125ac  gSIPC_QueHsmToSecureHost                 
700125b4  gSIPC_QueSecureHostToHsm                 
700125c4  gUartConfig                              
700125cc  operatingMode                            
700125d4  _lock                                    
700125e0  _unlock                                  
700125e8  gBootloaderConfigNum                     
700125ec  gDebugLogZone                            
700125f0  gDebugP_uartDrvIndex                     
700125f4  gEdmaConfigNum                           
700125f8  gEepromConfigNum                         
700125fc  gFlashConfigNum                          
70012600  gHsmRtDownloadComplete                   
70012604  gHsmrtLoadStatus                         
70012608  gHwiConfig                               
7001260c  gI2cConfigNum                            
70012620  gOspiConfigNum                           
70012624  gOspiDmaConfig                           
70012628  gOspiParams                              
70012630  gStreamId                                
70012634  gUartConfigNum                           
70012638  gUartDmaChConfig                         
70012640  ptrMSSCtrlRegs                           
70012644  ptrTopCtrlRegs                           
70012648  isMapAvailable                           
70012650  gCacheConfig                             
70012658  gMpuConfig                               
70012664  gMpuRegionConfig                         
70012788  gADPLLJConfigTbl                         
70012e8c  gCacheL1dCacheLineSize                   
70012e90  I2C_defaultTransaction                   
700134b0  I2C_lld_defaultMessage                   
70013540  gPeripheralClkSrcInfoMap                 
70013a3c  gPLLFreqId2FOutMap                       
70013a84  gCacheL1pCacheLineSize                   
70013c00  __BSS_START                              
70013c00  gPHTBuffer                               
70021c80  gX509Cert                                
70022c80  gHwiCtrl                                 
7002348c  gHsmClientMsgQueue                       
700237cc  gHSMClient                               
700237f8  parmbuf                                  
70023800  vec_addrs                                
70023b00  gNoteSegBuffer                           
70023d80  gSecureBootStreamArray                   
70024490  gEepromObject_CAT24M                     
700245b4  _CIOBUF_                                 
700245b4  __CIOBUF_                                
700246d4  gProfileObj                              
7002489c  __TI_tmpnams                             
7002493c  gSIPC_ctrl                               
70024980  gElfHBuffer                              
70024a00  gOspiEdmaArgs                            
70024a38  gClockCtrl                               
70024a58  gFlashObject_IS25LX256                   
70024a6c  virtToPhymap                             
70024a7c  fssConf                                  
70024a84  gI2cHandle                               
70024a94  gEdmaHandle                              
70024a98  gEepromHandle                            
70024a9c  gFlashHandle                             
70024aa0  gOspiHandle                              
70024aa4  gUartHandle                              
70024b00  __BSS_END                                
70024b00  __stack                                  
70026b00  __STACK_END                              
70026b00  _sys_memory                              
70028b00  __IRQ_STACK_START                        
70029b00  __FIQ_STACK_START                        
70029b00  __IRQ_STACK_END                          
70029c00  __FIQ_STACK_END                          
70029c00  __SVC_STACK_START                        
7002ac00  __ABORT_STACK_START                      
7002ac00  __SVC_STACK_END                          
7002ad00  __ABORT_STACK_END                        
7002ad00  __UNDEFINED_STACK_START                  
7002ae00  __UNDEFINED_STACK_END                    
70042000  gHsmRtFw                                 
80080000  __TI_SBL_FLASH_BOOTINFO_SECTOR_START     
ffffffff  __TI_pprof_out_hndl                      
ffffffff  __TI_prof_data_size                      
ffffffff  __TI_prof_data_start                     
ffffffff  __binit__                                
ffffffff  binit                                    
UNDEFED   __TI_CINIT_Base                          
UNDEFED   __TI_CINIT_Limit                         
UNDEFED   __TI_Handler_Table_Base                  
UNDEFED   __TI_Handler_Table_Limit                 
UNDEFED   _system_post_cinit                       

[685 symbols]
